Archive member included to satisfy reference by file (symbol)

D:/STM32CubeIDE_1.14.1/STM32CubeIDE/plugins/com.st.stm32cube.ide.mcu.externaltools.gnu-tools-for-stm32.11.3.rel1.win32_1.1.100.202309141235/tools/bin/../lib/gcc/arm-none-eabi/11.3.1/../../../../arm-none-eabi/lib/thumb/v7e-m+fp/hard\libc_nano.a(libc_a-atoi.o)
                              ./Core/ap/controllerTask/Controller.o (atoi)
D:/STM32CubeIDE_1.14.1/STM32CubeIDE/plugins/com.st.stm32cube.ide.mcu.externaltools.gnu-tools-for-stm32.11.3.rel1.win32_1.1.100.202309141235/tools/bin/../lib/gcc/arm-none-eabi/11.3.1/../../../../arm-none-eabi/lib/thumb/v7e-m+fp/hard\libc_nano.a(libc_a-exit.o)
                              D:/STM32CubeIDE_1.14.1/STM32CubeIDE/plugins/com.st.stm32cube.ide.mcu.externaltools.gnu-tools-for-stm32.11.3.rel1.win32_1.1.100.202309141235/tools/bin/../lib/gcc/arm-none-eabi/11.3.1/../../../../arm-none-eabi/lib/thumb/v7e-m+fp/hard/crt0.o (exit)
D:/STM32CubeIDE_1.14.1/STM32CubeIDE/plugins/com.st.stm32cube.ide.mcu.externaltools.gnu-tools-for-stm32.11.3.rel1.win32_1.1.100.202309141235/tools/bin/../lib/gcc/arm-none-eabi/11.3.1/../../../../arm-none-eabi/lib/thumb/v7e-m+fp/hard\libc_nano.a(libc_a-strtol.o)
                              D:/STM32CubeIDE_1.14.1/STM32CubeIDE/plugins/com.st.stm32cube.ide.mcu.externaltools.gnu-tools-for-stm32.11.3.rel1.win32_1.1.100.202309141235/tools/bin/../lib/gcc/arm-none-eabi/11.3.1/../../../../arm-none-eabi/lib/thumb/v7e-m+fp/hard\libc_nano.a(libc_a-atoi.o) (_strtol_r)
D:/STM32CubeIDE_1.14.1/STM32CubeIDE/plugins/com.st.stm32cube.ide.mcu.externaltools.gnu-tools-for-stm32.11.3.rel1.win32_1.1.100.202309141235/tools/bin/../lib/gcc/arm-none-eabi/11.3.1/../../../../arm-none-eabi/lib/thumb/v7e-m+fp/hard\libc_nano.a(libc_a-ctype_.o)
                              D:/STM32CubeIDE_1.14.1/STM32CubeIDE/plugins/com.st.stm32cube.ide.mcu.externaltools.gnu-tools-for-stm32.11.3.rel1.win32_1.1.100.202309141235/tools/bin/../lib/gcc/arm-none-eabi/11.3.1/../../../../arm-none-eabi/lib/thumb/v7e-m+fp/hard\libc_nano.a(libc_a-strtol.o) (_ctype_)
D:/STM32CubeIDE_1.14.1/STM32CubeIDE/plugins/com.st.stm32cube.ide.mcu.externaltools.gnu-tools-for-stm32.11.3.rel1.win32_1.1.100.202309141235/tools/bin/../lib/gcc/arm-none-eabi/11.3.1/../../../../arm-none-eabi/lib/thumb/v7e-m+fp/hard\libc_nano.a(libc_a-findfp.o)
                              ./Middlewares/Third_Party/FreeRTOS/Source/tasks.o (__sf)
D:/STM32CubeIDE_1.14.1/STM32CubeIDE/plugins/com.st.stm32cube.ide.mcu.externaltools.gnu-tools-for-stm32.11.3.rel1.win32_1.1.100.202309141235/tools/bin/../lib/gcc/arm-none-eabi/11.3.1/../../../../arm-none-eabi/lib/thumb/v7e-m+fp/hard\libc_nano.a(libc_a-fwalk.o)
                              D:/STM32CubeIDE_1.14.1/STM32CubeIDE/plugins/com.st.stm32cube.ide.mcu.externaltools.gnu-tools-for-stm32.11.3.rel1.win32_1.1.100.202309141235/tools/bin/../lib/gcc/arm-none-eabi/11.3.1/../../../../arm-none-eabi/lib/thumb/v7e-m+fp/hard\libc_nano.a(libc_a-findfp.o) (_fwalk_sglue)
D:/STM32CubeIDE_1.14.1/STM32CubeIDE/plugins/com.st.stm32cube.ide.mcu.externaltools.gnu-tools-for-stm32.11.3.rel1.win32_1.1.100.202309141235/tools/bin/../lib/gcc/arm-none-eabi/11.3.1/../../../../arm-none-eabi/lib/thumb/v7e-m+fp/hard\libc_nano.a(libc_a-printf.o)
                              ./Core/ap/listenerTask/Listener.o (printf)
D:/STM32CubeIDE_1.14.1/STM32CubeIDE/plugins/com.st.stm32cube.ide.mcu.externaltools.gnu-tools-for-stm32.11.3.rel1.win32_1.1.100.202309141235/tools/bin/../lib/gcc/arm-none-eabi/11.3.1/../../../../arm-none-eabi/lib/thumb/v7e-m+fp/hard\libc_nano.a(libc_a-sprintf.o)
                              ./Core/ap/presenterTask/Presenter.o (sprintf)
D:/STM32CubeIDE_1.14.1/STM32CubeIDE/plugins/com.st.stm32cube.ide.mcu.externaltools.gnu-tools-for-stm32.11.3.rel1.win32_1.1.100.202309141235/tools/bin/../lib/gcc/arm-none-eabi/11.3.1/../../../../arm-none-eabi/lib/thumb/v7e-m+fp/hard\libc_nano.a(libc_a-stdio.o)
                              D:/STM32CubeIDE_1.14.1/STM32CubeIDE/plugins/com.st.stm32cube.ide.mcu.externaltools.gnu-tools-for-stm32.11.3.rel1.win32_1.1.100.202309141235/tools/bin/../lib/gcc/arm-none-eabi/11.3.1/../../../../arm-none-eabi/lib/thumb/v7e-m+fp/hard\libc_nano.a(libc_a-findfp.o) (__sread)
D:/STM32CubeIDE_1.14.1/STM32CubeIDE/plugins/com.st.stm32cube.ide.mcu.externaltools.gnu-tools-for-stm32.11.3.rel1.win32_1.1.100.202309141235/tools/bin/../lib/gcc/arm-none-eabi/11.3.1/../../../../arm-none-eabi/lib/thumb/v7e-m+fp/hard\libc_nano.a(libc_a-memset.o)
                              D:/STM32CubeIDE_1.14.1/STM32CubeIDE/plugins/com.st.stm32cube.ide.mcu.externaltools.gnu-tools-for-stm32.11.3.rel1.win32_1.1.100.202309141235/tools/bin/../lib/gcc/arm-none-eabi/11.3.1/../../../../arm-none-eabi/lib/thumb/v7e-m+fp/hard/crt0.o (memset)
[...]
Memory Configuration

Name             Origin             Length             Attributes
RAM              0x0000000020000000 0x0000000000020000 xrw
FLASH            0x0000000008000000 0x0000000000080000 xr
*default*        0x0000000000000000 0xffffffffffffffff

Linker script and memory map

LOAD D:/STM32CubeIDE_1.14.1/STM32CubeIDE/plugins/com.st.stm32cube.ide.mcu.externaltools.gnu-tools-for-stm32.11.3.rel1.win32_1.1.100.202309141235/tools/bin/../lib/gcc/arm-none-eabi/11.3.1/thumb/v7e-m+fp/hard/crti.o
LOAD D:/STM32CubeIDE_1.14.1/STM32CubeIDE/plugins/com.st.stm32cube.ide.mcu.externaltools.gnu-tools-for-stm32.11.3.rel1.win32_1.1.100.202309141235/tools/bin/../lib/gcc/arm-none-eabi/11.3.1/thumb/v7e-m+fp/hard/crtbegin.o
LOAD D:/STM32CubeIDE_1.14.1/STM32CubeIDE/plugins/com.st.stm32cube.ide.mcu.externaltools.gnu-tools-for-stm32.11.3.rel1.win32_1.1.100.202309141235/tools/bin/../lib/gcc/arm-none-eabi/11.3.1/../../../../arm-none-eabi/lib/thumb/v7e-m+fp/hard/crt0.o
LOAD ./Core/Common/Delayus/delayus.o
LOAD ./Core/Common/Queue/Queue.o
LOAD ./Core/Src/freertos.o
LOAD ./Core/Src/main.o
LOAD ./Core/Src/stm32f4xx_hal_msp.o
LOAD ./Core/Src/stm32f4xx_hal_timebase_tim.o
LOAD ./Core/Src/stm32f4xx_it.o
LOAD ./Core/Src/syscalls.o
LOAD ./Core/Src/sysmem.o
LOAD ./Core/Src/system_stm32f4xx.o
LOAD ./Core/Startup/startup_stm32f411retx.o
LOAD ./Core/ap/controllerTask/Controller.o
LOAD ./Core/ap/listenerTask/Listener.o
LOAD ./Core/ap/model/BT_dataQue.o
LOAD ./Core/ap/model/ModeStateModel.o
LOAD ./Core/ap/model/MotorStateQue.o
LOAD ./Core/ap/model/USDistanceModel.o
LOAD ./Core/ap/presenterTask/Presenter.o
LOAD ./Core/driver/Button/Button.o
LOAD ./Core/driver/LCD/LCD.o
LOAD ./Core/driver/LED/LED.o
LOAD ./Core/driver/Motor/Motor.o
LOAD ./Core/driver/UltraSonic/UltraSonic.o
LOAD ./Drivers/STM32F4xx_HAL_Driver/Src/stm32f4xx_hal.o
LOAD ./Drivers/STM32F4xx_HAL_Driver/Src/stm32f4xx_hal_cortex.o
LOAD ./Drivers/STM32F4xx_HAL_Driver/Src/stm32f4xx_hal_dma.o
LOAD ./Drivers/STM32F4xx_HAL_Driver/Src/stm32f4xx_hal_dma_ex.o
LOAD ./Drivers/STM32F4xx_HAL_Driver/Src/stm32f4xx_hal_exti.o
LOAD ./Drivers/STM32F4xx_HAL_Driver/Src/stm32f4xx_hal_flash.o
LOAD ./Drivers/STM32F4xx_HAL_Driver/Src/stm32f4xx_hal_flash_ex.o
LOAD ./Drivers/STM32F4xx_HAL_Driver/Src/stm32f4xx_hal_flash_ramfunc.o
LOAD ./Drivers/STM32F4xx_HAL_Driver/Src/stm32f4xx_hal_gpio.o
LOAD ./Drivers/STM32F4xx_HAL_Driver/Src/stm32f4xx_hal_i2c.o
LOAD ./Drivers/STM32F4xx_HAL_Driver/Src/stm32f4xx_hal_i2c_ex.o
LOAD ./Drivers/STM32F4xx_HAL_Driver/Src/stm32f4xx_hal_pwr.o
LOAD ./Drivers/STM32F4xx_HAL_Driver/Src/stm32f4xx_hal_pwr_ex.o
LOAD ./Drivers/STM32F4xx_HAL_Driver/Src/stm32f4xx_hal_rcc.o
LOAD ./Drivers/STM32F4xx_HAL_Driver/Src/stm32f4xx_hal_rcc_ex.o
LOAD ./Drivers/STM32F4xx_HAL_Driver/Src/stm32f4xx_hal_tim.o
LOAD ./Drivers/STM32F4xx_HAL_Driver/Src/stm32f4xx_hal_tim_ex.o
LOAD ./Drivers/STM32F4xx_HAL_Driver/Src/stm32f4xx_hal_uart.o
LOAD ./Middlewares/Third_Party/FreeRTOS/Source/CMSIS_RTOS/cmsis_os.o
LOAD ./Middlewares/Third_Party/FreeRTOS/Source/croutine.o
LOAD ./Middlewares/Third_Party/FreeRTOS/Source/event_groups.o
LOAD ./Middlewares/Third_Party/FreeRTOS/Source/list.o
LOAD ./Middlewares/Third_Party/FreeRTOS/Source/queue.o
LOAD ./Middlewares/Third_Party/FreeRTOS/Source/stream_buffer.o
LOAD ./Middlewares/Third_Party/FreeRTOS/Source/tasks.o
LOAD ./Middlewares/Third_Party/FreeRTOS/Source/timers.o
LOAD ./Middlewares/Third_Party/FreeRTOS/Source/portable/GCC/ARM_CM4F/port.o
LOAD ./Middlewares/Third_Party/FreeRTOS/Source/portable/MemMang/heap_4.o
START GROUP
LOAD D:/STM32CubeIDE_1.14.1/STM32CubeIDE/plugins/com.st.stm32cube.ide.mcu.externaltools.gnu-tools-for-stm32.11.3.rel1.win32_1.1.100.202309141235/tools/bin/../lib/gcc/arm-none-eabi/11.3.1/../../../../arm-none-eabi/lib/thumb/v7e-m+fp/hard\libc_nano.a
LOAD D:/STM32CubeIDE_1.14.1/STM32CubeIDE/plugins/com.st.stm32cube.ide.mcu.externaltools.gnu-tools-for-stm32.11.3.rel1.win32_1.1.100.202309141235/tools/bin/../lib/gcc/arm-none-eabi/11.3.1/../../../../arm-none-eabi/lib/thumb/v7e-m+fp/hard\libm.a
END GROUP
START GROUP
LOAD D:/STM32CubeIDE_1.14.1/STM32CubeIDE/plugins/com.st.stm32cube.ide.mcu.externaltools.gnu-tools-for-stm32.11.3.rel1.win32_1.1.100.202309141235/tools/bin/../lib/gcc/arm-none-eabi/11.3.1/thumb/v7e-m+fp/hard\libgcc.a
LOAD D:/STM32CubeIDE_1.14.1/STM32CubeIDE/plugins/com.st.stm32cube.ide.mcu.externaltools.gnu-tools-for-stm32.11.3.rel1.win32_1.1.100.202309141235/tools/bin/../lib/gcc/arm-none-eabi/11.3.1/../../../../arm-none-eabi/lib/thumb/v7e-m+fp/hard\libc_nano.a
END GROUP
START GROUP
LOAD D:/STM32CubeIDE_1.14.1/STM32CubeIDE/plugins/com.st.stm32cube.ide.mcu.externaltools.gnu-tools-for-stm32.11.3.rel1.win32_1.1.100.202309141235/tools/bin/../lib/gcc/arm-none-eabi/11.3.1/thumb/v7e-m+fp/hard\libgcc.a
LOAD D:/STM32CubeIDE_1.14.1/STM32CubeIDE/plugins/com.st.stm32cube.ide.mcu.externaltools.gnu-tools-for-stm32.11.3.rel1.win32_1.1.100.202309141235/tools/bin/../lib/gcc/arm-none-eabi/11.3.1/../../../../arm-none-eabi/lib/thumb/v7e-m+fp/hard\libc_nano.a
LOAD D:/STM32CubeIDE_1.14.1/STM32CubeIDE/plugins/com.st.stm32cube.ide.mcu.externaltools.gnu-tools-for-stm32.11.3.rel1.win32_1.1.100.202309141235/tools/bin/../lib/gcc/arm-none-eabi/11.3.1/../../../../arm-none-eabi/lib/thumb/v7e-m+fp/hard\libnosys.a
END GROUP
START GROUP
LOAD D:/STM32CubeIDE_1.14.1/STM32CubeIDE/plugins/com.st.stm32cube.ide.mcu.externaltools.gnu-tools-for-stm32.11.3.rel1.win32_1.1.100.202309141235/tools/bin/../lib/gcc/arm-none-eabi/11.3.1/thumb/v7e-m+fp/hard\libgcc.a
LOAD D:/STM32CubeIDE_1.14.1/STM32CubeIDE/plugins/com.st.stm32cube.ide.mcu.externaltools.gnu-tools-for-stm32.11.3.rel1.win32_1.1.100.202309141235/tools/bin/../lib/gcc/arm-none-eabi/11.3.1/../../../../arm-none-eabi/lib/thumb/v7e-m+fp/hard\libc_nano.a
LOAD D:/STM32CubeIDE_1.14.1/STM32CubeIDE/plugins/com.st.stm32cube.ide.mcu.externaltools.gnu-tools-for-stm32.11.3.rel1.win32_1.1.100.202309141235/tools/bin/../lib/gcc/arm-none-eabi/11.3.1/../../../../arm-none-eabi/lib/thumb/v7e-m+fp/hard\libnosys.a
END GROUP
LOAD D:/STM32CubeIDE_1.14.1/STM32CubeIDE/plugins/com.st.stm32cube.ide.mcu.externaltools.gnu-tools-for-stm32.11.3.rel1.win32_1.1.100.202309141235/tools/bin/../lib/gcc/arm-none-eabi/11.3.1/thumb/v7e-m+fp/hard/crtend.o
LOAD D:/STM32CubeIDE_1.14.1/STM32CubeIDE/plugins/com.st.stm32cube.ide.mcu.externaltools.gnu-tools-for-stm32.11.3.rel1.win32_1.1.100.202309141235/tools/bin/../lib/gcc/arm-none-eabi/11.3.1/thumb/v7e-m+fp/hard/crtn.o
                0x0000000020020000                _estack = (ORIGIN (RAM) + LENGTH (RAM))
                0x0000000000000200                _Min_Heap_Size = 0x200
                0x0000000000000400                _Min_Stack_Size = 0x400

.isr_vector     0x0000000008000000      0x198
                0x0000000008000000                . = ALIGN (0x4)
 *(.isr_vector)
 .isr_vector    0x0000000008000000      0x198 ./Core/Startup/startup_stm32f411retx.o
                0x0000000008000000                g_pfnVectors
                0x0000000008000198                . = ALIGN (0x4)

.text           0x00000000080001a0     0x9010
                0x00000000080001a0                . = ALIGN (0x4)
 *(.text)
 .text          0x00000000080001a0       0x40 D:/STM32CubeIDE_1.14.1/STM32CubeIDE/plugins/com.st.stm32cube.ide.mcu.externaltools.gnu-tools-for-stm32.11.3.rel1.win32_1.1.100.202309141235/tools/bin/../lib/gcc/arm-none-eabi/11.3.1/thumb/v7e-m+fp/hard/crtbegin.o
 .text          0x00000000080001e0       0xa0 D:/STM32CubeIDE_1.14.1/STM32CubeIDE/plugins/com.st.stm32cube.ide.mcu.externaltools.gnu-tools-for-stm32.11.3.rel1.win32_1.1.100.202309141235/tools/bin/../lib/gcc/arm-none-eabi/11.3.1/../../../../arm-none-eabi/lib/thumb/v7e-m+fp/hard\libc_nano.a(libc_a-memchr.o)
                0x00000000080001e0                memchr
 .text          0x0000000008000280      0x254 D:/STM32CubeIDE_1.14.1/STM32CubeIDE/plugins/com.st.stm32cube.ide.mcu.externaltools.gnu-tools-for-stm32.11.3.rel1.win32_1.1.100.202309141235/tools/bin/../lib/gcc/arm-none-eabi/11.3.1/thumb/v7e-m+fp/hard\libgcc.a(_arm_muldf3.o)
                0x0000000008000280                __muldf3
                0x0000000008000280                __aeabi_dmul
 .text          0x00000000080004d4      0x378 D:/STM32CubeIDE_1.14.1/STM32CubeIDE/plugins/com.st.stm32cube.ide.mcu.externaltools.gnu-tools-for-stm32.11.3.rel1.win32_1.1.100.202309141235/tools/bin/../lib/gcc/arm-none-eabi/11.3.1/thumb/v7e-m+fp/hard\libgcc.a(_arm_addsubdf3.o)
                0x00000000080004d4                __aeabi_drsub
                0x00000000080004dc                __aeabi_dsub
                0x00000000080004dc                __subdf3
                0x00000000080004e0                __aeabi_dadd
                0x00000000080004e0                __adddf3
                0x0000000008000758                __floatunsidf
                0x0000000008000758                __aeabi_ui2d
                0x0000000008000778                __floatsidf
                0x0000000008000778                __aeabi_i2d
                0x000000000800079c                __aeabi_f2d
                0x000000000800079c                __extendsfdf2
                0x00000000080007e0                __floatundidf
                0x00000000080007e0                __aeabi_ul2d
                0x00000000080007f0                __floatdidf
                0x00000000080007f0                __aeabi_l2d
 .text          0x000000000800084c       0x50 D:/STM32CubeIDE_1.14.1/STM32CubeIDE/plugins/com.st.stm32cube.ide.mcu.externaltools.gnu-tools-for-stm32.11.3.rel1.win32_1.1.100.202309141235/tools/bin/../lib/gcc/arm-none-eabi/11.3.1/thumb/v7e-m+fp/hard\libgcc.a(_arm_fixdfsi.o)
                0x000000000800084c                __aeabi_d2iz
                0x000000000800084c                __fixdfsi
 .text          0x000000000800089c       0x30 D:/STM32CubeIDE_1.14.1/STM32CubeIDE/plugins/com.st.stm32cube.ide.mcu.externaltools.gnu-tools-for-stm32.11.3.rel1.win32_1.1.100.202309141235/tools/bin/../lib/gcc/arm-none-eabi/11.3.1/thumb/v7e-m+fp/hard\libgcc.a(_aeabi_uldivmod.o)
                0x000000000800089c                __aeabi_uldivmod
 .text          0x00000000080008cc      0x2c8 D:/STM32CubeIDE_1.14.1/STM32CubeIDE/plugins/com.st.stm32cube.ide.mcu.externaltools.gnu-tools-for-stm32.11.3.rel1.win32_1.1.100.202309141235/tools/bin/../lib/gcc/arm-none-eabi/11.3.1/thumb/v7e-m+fp/hard\libgcc.a(_udivmoddi4.o)
                0x00000000080008cc                __udivmoddi4
 .text          0x0000000008000b94        0x4 D:/STM32CubeIDE_1.14.1/STM32CubeIDE/plugins/com.st.stm32cube.ide.mcu.externaltools.gnu-tools-for-stm32.11.3.rel1.win32_1.1.100.202309141235/tools/bin/../lib/gcc/arm-none-eabi/11.3.1/thumb/v7e-m+fp/hard\libgcc.a(_dvmd_tls.o)
                0x0000000008000b94                __aeabi_idiv0
                0x0000000008000b94                __aeabi_ldiv0
 *(.text*)
 .text.DelayInit
                0x0000000008000b98       0x54 ./Core/Common/Delayus/delayus.o
                0x0000000008000b98                DelayInit
 .text.DelayUS  0x0000000008000bec       0x50 ./Core/Common/Delayus/delayus.o
                0x0000000008000bec                DelayUS
 .text.Que_init
                0x0000000008000c3c       0x2c ./Core/Common/Queue/Queue.o
                0x0000000008000c3c                Que_init
 .text.setQueFlag
                0x0000000008000c68       0x1c ./Core/Common/Queue/Queue.o
                0x0000000008000c68                setQueFlag
 .text.getQueFlag
                0x0000000008000c84       0x18 ./Core/Common/Queue/Queue.o
                0x0000000008000c84                getQueFlag
 .text.QueFull  0x0000000008000c9c       0x22 ./Core/Common/Queue/Queue.o
                0x0000000008000c9c                QueFull
 .text.QueEmpty
                0x0000000008000cbe       0x22 ./Core/Common/Queue/Queue.o
                0x0000000008000cbe                QueEmpty
 .text.enQue    0x0000000008000ce0       0x58 ./Core/Common/Queue/Queue.o
                0x0000000008000ce0                enQue
 .text.deQue    0x0000000008000d38       0x58 ./Core/Common/Queue/Queue.o
                0x0000000008000d38                deQue
 .text.vApplicationGetIdleTaskMemory
                0x0000000008000d90       0x34 ./Core/Src/freertos.o
                0x0000000008000d90                vApplicationGetIdleTaskMemory
 .text.HAL_UART_RxCpltCallback
                0x0000000008000dc4       0x7c ./Core/Src/main.o
                0x0000000008000dc4                HAL_UART_RxCpltCallback
 .text.HAL_GPIO_EXTI_Callback
                0x0000000008000e40       0x1a ./Core/Src/main.o
                0x0000000008000e40                HAL_GPIO_EXTI_Callback
 *fill*         0x0000000008000e5a        0x2 
 .text._write   0x0000000008000e5c       0x2c ./Core/Src/main.o
                0x0000000008000e5c                _write
 .text.main     0x0000000008000e88      0x118 ./Core/Src/main.o
                0x0000000008000e88                main
 .text.SystemClock_Config
                0x0000000008000fa0       0xd0 ./Core/Src/main.o
                0x0000000008000fa0                SystemClock_Config
 .text.MX_I2C1_Init
                0x0000000008001070       0x5c ./Core/Src/main.o
 .text.MX_TIM1_Init
                0x00000000080010cc       0xa0 ./Core/Src/main.o
 .text.MX_TIM2_Init
                0x000000000800116c       0x98 ./Core/Src/main.o
 .text.MX_TIM3_Init
                0x0000000008001204      0x104 ./Core/Src/main.o
 .text.MX_TIM4_Init
                0x0000000008001308       0x9c ./Core/Src/main.o
 .text.MX_USART1_UART_Init
                0x00000000080013a4       0x54 ./Core/Src/main.o
 .text.MX_USART2_UART_Init
                0x00000000080013f8       0x54 ./Core/Src/main.o
 .text.MX_GPIO_Init
                0x000000000800144c      0x17c ./Core/Src/main.o
 .text.StartDefaultTask
                0x00000000080015c8       0x20 ./Core/Src/main.o
                0x00000000080015c8                StartDefaultTask
 .text.ListenerTask
                0x00000000080015e8       0x30 ./Core/Src/main.o
                0x00000000080015e8                ListenerTask
 .text.ControllerTask
                0x0000000008001618       0x18 ./Core/Src/main.o
                0x0000000008001618                ControllerTask
 .text.PresenterTask
                0x0000000008001630       0x18 ./Core/Src/main.o
                0x0000000008001630                PresenterTask
 .text.HAL_TIM_PeriodElapsedCallback
                0x0000000008001648       0x24 ./Core/Src/main.o
                0x0000000008001648                HAL_TIM_PeriodElapsedCallback
 .text.Error_Handler
                0x000000000800166c        0xa ./Core/Src/main.o
                0x000000000800166c                Error_Handler
 *fill*         0x0000000008001676        0x2 
 .text.HAL_MspInit
                0x0000000008001678       0x58 ./Core/Src/stm32f4xx_hal_msp.o
                0x0000000008001678                HAL_MspInit
 .text.HAL_I2C_MspInit
                0x00000000080016d0       0x90 ./Core/Src/stm32f4xx_hal_msp.o
                0x00000000080016d0                HAL_I2C_MspInit
 .text.HAL_TIM_Base_MspInit
                0x0000000008001760       0xd0 ./Core/Src/stm32f4xx_hal_msp.o
                0x0000000008001760                HAL_TIM_Base_MspInit
 .text.HAL_TIM_MspPostInit
                0x0000000008001830       0x74 ./Core/Src/stm32f4xx_hal_msp.o
                0x0000000008001830                HAL_TIM_MspPostInit
 .text.HAL_UART_MspInit
                0x00000000080018a4      0x158 ./Core/Src/stm32f4xx_hal_msp.o
                0x00000000080018a4                HAL_UART_MspInit
 .text.HAL_InitTick
                0x00000000080019fc       0xe4 ./Core/Src/stm32f4xx_hal_timebase_tim.o
                0x00000000080019fc                HAL_InitTick
 .text.NMI_Handler
                0x0000000008001ae0        0x6 ./Core/Src/stm32f4xx_it.o
                0x0000000008001ae0                NMI_Handler
 .text.HardFault_Handler
                0x0000000008001ae6        0x6 ./Core/Src/stm32f4xx_it.o
                0x0000000008001ae6                HardFault_Handler
 .text.MemManage_Handler
                0x0000000008001aec        0x6 ./Core/Src/stm32f4xx_it.o
                0x0000000008001aec                MemManage_Handler
 .text.BusFault_Handler
                0x0000000008001af2        0x6 ./Core/Src/stm32f4xx_it.o
                0x0000000008001af2                BusFault_Handler
 .text.UsageFault_Handler
                0x0000000008001af8        0x6 ./Core/Src/stm32f4xx_it.o
                0x0000000008001af8                UsageFault_Handler
 .text.DebugMon_Handler
                0x0000000008001afe        0xe ./Core/Src/stm32f4xx_it.o
                0x0000000008001afe                DebugMon_Handler
 .text.EXTI1_IRQHandler
                0x0000000008001b0c        0xe ./Core/Src/stm32f4xx_it.o
                0x0000000008001b0c                EXTI1_IRQHandler
 .text.EXTI3_IRQHandler
                0x0000000008001b1a        0xe ./Core/Src/stm32f4xx_it.o
                0x0000000008001b1a                EXTI3_IRQHandler
 .text.EXTI4_IRQHandler
                0x0000000008001b28        0xe ./Core/Src/stm32f4xx_it.o
                0x0000000008001b28                EXTI4_IRQHandler
 *fill*         0x0000000008001b36        0x2 
 .text.TIM1_TRG_COM_TIM11_IRQHandler
                0x0000000008001b38       0x1c ./Core/Src/stm32f4xx_it.o
                0x0000000008001b38                TIM1_TRG_COM_TIM11_IRQHandler
 .text.USART1_IRQHandler
                0x0000000008001b54       0x14 ./Core/Src/stm32f4xx_it.o
                0x0000000008001b54                USART1_IRQHandler
 .text.USART2_IRQHandler
                0x0000000008001b68       0x14 ./Core/Src/stm32f4xx_it.o
                0x0000000008001b68                USART2_IRQHandler
 .text._read    0x0000000008001b7c       0x3a ./Core/Src/syscalls.o
                0x0000000008001b7c                _read
 .text._close   0x0000000008001bb6       0x18 ./Core/Src/syscalls.o
                0x0000000008001bb6                _close
 .text._fstat   0x0000000008001bce       0x20 ./Core/Src/syscalls.o
                0x0000000008001bce                _fstat
 .text._isatty  0x0000000008001bee       0x16 ./Core/Src/syscalls.o
                0x0000000008001bee                _isatty
 .text._lseek   0x0000000008001c04       0x1a ./Core/Src/syscalls.o
                0x0000000008001c04                _lseek
 *fill*         0x0000000008001c1e        0x2 
 .text._sbrk    0x0000000008001c20       0x6c ./Core/Src/sysmem.o
                0x0000000008001c20                _sbrk
 .text.SystemInit
                0x0000000008001c8c       0x24 ./Core/Src/system_stm32f4xx.o
                0x0000000008001c8c                SystemInit
 .text.Reset_Handler
                0x0000000008001cb0       0x50 ./Core/Startup/startup_stm32f411retx.o
                0x0000000008001cb0                Reset_Handler
 .text.Default_Handler
                0x0000000008001d00        0x2 ./Core/Startup/startup_stm32f411retx.o
                0x0000000008001d00                RTC_Alarm_IRQHandler
                0x0000000008001d00                EXTI2_IRQHandler
                0x0000000008001d00                SPI4_IRQHandler
                0x0000000008001d00                TIM1_CC_IRQHandler
                0x0000000008001d00                DMA2_Stream5_IRQHandler
                0x0000000008001d00                DMA1_Stream5_IRQHandler
                0x0000000008001d00                PVD_IRQHandler
                0x0000000008001d00                SDIO_IRQHandler
                0x0000000008001d00                TAMP_STAMP_IRQHandler
                0x0000000008001d00                TIM1_UP_TIM10_IRQHandler
                0x0000000008001d00                I2C3_ER_IRQHandler
                0x0000000008001d00                EXTI0_IRQHandler
                0x0000000008001d00                I2C2_EV_IRQHandler
                0x0000000008001d00                DMA1_Stream2_IRQHandler
                0x0000000008001d00                FPU_IRQHandler
                0x0000000008001d00                DMA2_Stream2_IRQHandler
                0x0000000008001d00                SPI1_IRQHandler
                0x0000000008001d00                TIM1_BRK_TIM9_IRQHandler
                0x0000000008001d00                DMA2_Stream3_IRQHandler
                0x0000000008001d00                USART6_IRQHandler
                0x0000000008001d00                DMA2_Stream0_IRQHandler
                0x0000000008001d00                TIM4_IRQHandler
                0x0000000008001d00                I2C1_EV_IRQHandler
                0x0000000008001d00                DMA1_Stream6_IRQHandler
                0x0000000008001d00                DMA1_Stream1_IRQHandler
                0x0000000008001d00                TIM3_IRQHandler
                0x0000000008001d00                RCC_IRQHandler
                0x0000000008001d00                Default_Handler
                0x0000000008001d00                EXTI15_10_IRQHandler
                0x0000000008001d00                ADC_IRQHandler
                0x0000000008001d00                DMA1_Stream7_IRQHandler
                0x0000000008001d00                SPI5_IRQHandler
                0x0000000008001d00                TIM5_IRQHandler
                0x0000000008001d00                DMA2_Stream7_IRQHandler
                0x0000000008001d00                I2C3_EV_IRQHandler
                0x0000000008001d00                EXTI9_5_IRQHandler
                0x0000000008001d00                RTC_WKUP_IRQHandler
                0x0000000008001d00                SPI2_IRQHandler
                0x0000000008001d00                DMA1_Stream0_IRQHandler
                0x0000000008001d00                WWDG_IRQHandler
                0x0000000008001d00                TIM2_IRQHandler
                0x0000000008001d00                OTG_FS_WKUP_IRQHandler
                0x0000000008001d00                I2C2_ER_IRQHandler
                0x0000000008001d00                DMA2_Stream1_IRQHandler
                0x0000000008001d00                FLASH_IRQHandler
                0x0000000008001d00                DMA2_Stream4_IRQHandler
                0x0000000008001d00                OTG_FS_IRQHandler
                0x0000000008001d00                SPI3_IRQHandler
                0x0000000008001d00                DMA1_Stream4_IRQHandler
                0x0000000008001d00                I2C1_ER_IRQHandler
                0x0000000008001d00                DMA2_Stream6_IRQHandler
                0x0000000008001d00                DMA1_Stream3_IRQHandler
 .text.Controller_init
                0x0000000008001d02       0x10 ./Core/ap/controllerTask/Controller.o
                0x0000000008001d02                Controller_init
 .text.Controller_excuteTask
                0x0000000008001d12       0x40 ./Core/ap/controllerTask/Controller.o
                0x0000000008001d12                Controller_excuteTask
 .text.Controller_getData
                0x0000000008001d52       0x3a ./Core/ap/controllerTask/Controller.o
                0x0000000008001d52                Controller_getData
 .text.Controller_Mode_decision
                0x0000000008001d8c       0x36 ./Core/ap/controllerTask/Controller.o
                0x0000000008001d8c                Controller_Mode_decision
 .text.Controller_Mode_parsingData
                0x0000000008001dc2       0x38 ./Core/ap/controllerTask/Controller.o
                0x0000000008001dc2                Controller_Mode_parsingData
 .text.Controller_Manual_parsingData
                0x0000000008001dfa       0x86 ./Core/ap/controllerTask/Controller.o
                0x0000000008001dfa                Controller_Manual_parsingData
 .text.Controller_Auto_parsingData
                0x0000000008001e80       0x1e ./Core/ap/controllerTask/Controller.o
                0x0000000008001e80                Controller_Auto_parsingData
 .text.Controller_Auto_decision
                0x0000000008001e9e       0x16 ./Core/ap/controllerTask/Controller.o
                0x0000000008001e9e                Controller_Auto_decision
 .text.Listner_init
                0x0000000008001eb4       0x94 ./Core/ap/listenerTask/Listener.o
                0x0000000008001eb4                Listner_init
 .text.Listener_UART_ISR_Process
                0x0000000008001f48       0x34 ./Core/ap/listenerTask/Listener.o
                0x0000000008001f48                Listener_UART_ISR_Process
 .text.Listener_US_ISR_Process
                0x0000000008001f7c       0x3c ./Core/ap/listenerTask/Listener.o
                0x0000000008001f7c                Listener_US_ISR_Process
 .text.Listener_Button
                0x0000000008001fb8       0x40 ./Core/ap/listenerTask/Listener.o
                0x0000000008001fb8                Listener_Button
 .text.Listener_UltraSonic_Distance
                0x0000000008001ff8       0xbc ./Core/ap/listenerTask/Listener.o
                0x0000000008001ff8                Listener_UltraSonic_Distance
 .text.BT_init  0x00000000080020b4       0x14 ./Core/ap/model/BT_dataQue.o
                0x00000000080020b4                BT_init
 .text.BT_enQue
                0x00000000080020c8       0x20 ./Core/ap/model/BT_dataQue.o
                0x00000000080020c8                BT_enQue
 .text.BT_deQue
                0x00000000080020e8       0x14 ./Core/ap/model/BT_dataQue.o
                0x00000000080020e8                BT_deQue
 .text.BT_setFlag
                0x00000000080020fc       0x1c ./Core/ap/model/BT_dataQue.o
                0x00000000080020fc                BT_setFlag
 .text.BT_getFlag
                0x0000000008002118       0x14 ./Core/ap/model/BT_dataQue.o
                0x0000000008002118                BT_getFlag
 .text.ModeState_init
                0x000000000800212c       0x20 ./Core/ap/model/ModeStateModel.o
                0x000000000800212c                ModeState_init
 .text.ModeState_set
                0x000000000800214c       0x20 ./Core/ap/model/ModeStateModel.o
                0x000000000800214c                ModeState_set
 .text.ModeState_get
                0x000000000800216c       0x18 ./Core/ap/model/ModeStateModel.o
                0x000000000800216c                ModeState_get
 .text.ModeState_setFlag
                0x0000000008002184       0x20 ./Core/ap/model/ModeStateModel.o
                0x0000000008002184                ModeState_setFlag
 .text.ModeState_getFlag
                0x00000000080021a4       0x18 ./Core/ap/model/ModeStateModel.o
                0x00000000080021a4                ModeState_getFlag
 .text.MotorState_init
                0x00000000080021bc       0x18 ./Core/ap/model/MotorStateQue.o
                0x00000000080021bc                MotorState_init
 .text.MotorState_setSpeed
                0x00000000080021d4       0x20 ./Core/ap/model/MotorStateQue.o
                0x00000000080021d4                MotorState_setSpeed
 .text.MotorState_getSpeed
                0x00000000080021f4       0x18 ./Core/ap/model/MotorStateQue.o
                0x00000000080021f4                MotorState_getSpeed
 .text.MotorState_enQue
                0x000000000800220c       0x20 ./Core/ap/model/MotorStateQue.o
                0x000000000800220c                MotorState_enQue
 .text.MotorState_deQue
                0x000000000800222c       0x14 ./Core/ap/model/MotorStateQue.o
                0x000000000800222c                MotorState_deQue
 .text.MotorState_setFlag
                0x0000000008002240       0x1c ./Core/ap/model/MotorStateQue.o
                0x0000000008002240                MotorState_setFlag
 .text.MotorState_getFlag
                0x000000000800225c       0x14 ./Core/ap/model/MotorStateQue.o
                0x000000000800225c                MotorState_getFlag
 .text.USDistanc_init
                0x0000000008002270       0x24 ./Core/ap/model/USDistanceModel.o
                0x0000000008002270                USDistanc_init
 .text.USDistance_set
                0x0000000008002294       0x30 ./Core/ap/model/USDistanceModel.o
                0x0000000008002294                USDistance_set
 .text.USDistance_get
                0x00000000080022c4       0x24 ./Core/ap/model/USDistanceModel.o
                0x00000000080022c4                USDistance_get
 .text.Presenter_Init
                0x00000000080022e8       0x70 ./Core/ap/presenterTask/Presenter.o
                0x00000000080022e8                Presenter_Init
 .text.Presenter_excuteTask
                0x0000000008002358       0x40 ./Core/ap/presenterTask/Presenter.o
                0x0000000008002358                Presenter_excuteTask
 .text.Presenter_Mode_setState
                0x0000000008002398       0x2e ./Core/ap/presenterTask/Presenter.o
                0x0000000008002398                Presenter_Mode_setState
 *fill*         0x00000000080023c6        0x2 
 .text.Presenter_Manual_setState
                0x00000000080023c8       0x6c ./Core/ap/presenterTask/Presenter.o
                0x00000000080023c8                Presenter_Manual_setState
 .text.Presenter_CarGo
                0x0000000008002434       0x2c ./Core/ap/presenterTask/Presenter.o
                0x0000000008002434                Presenter_CarGo
 .text.Presenter_CarStop
                0x0000000008002460       0x2c ./Core/ap/presenterTask/Presenter.o
                0x0000000008002460                Presenter_CarStop
 .text.Presenter_CarLeft
                0x000000000800248c       0x2c ./Core/ap/presenterTask/Presenter.o
                0x000000000800248c                Presenter_CarLeft
 .text.Presenter_CarRight
                0x00000000080024b8       0x2c ./Core/ap/presenterTask/Presenter.o
                0x00000000080024b8                Presenter_CarRight
 .text.Presenter_CarBack
                0x00000000080024e4       0x2c ./Core/ap/presenterTask/Presenter.o
                0x00000000080024e4                Presenter_CarBack
 .text.Presenter_CarSpeed
                0x0000000008002510       0x30 ./Core/ap/presenterTask/Presenter.o
                0x0000000008002510                Presenter_CarSpeed
 .text.Presenter_Auto_setState
                0x0000000008002540       0x18 ./Core/ap/presenterTask/Presenter.o
                0x0000000008002540                Presenter_Auto_setState
 .text.button_init
                0x0000000008002558       0x2c ./Core/driver/Button/Button.o
                0x0000000008002558                button_init
 .text.button_getState
                0x0000000008002584       0x56 ./Core/driver/Button/Button.o
                0x0000000008002584                button_getState
 .text.LCD_delay
                0x00000000080025da       0x16 ./Core/driver/LCD/LCD.o
                0x00000000080025da                LCD_delay
 .text.LCD_init
                0x00000000080025f0       0x70 ./Core/driver/LCD/LCD.o
                0x00000000080025f0                LCD_init
 .text.LCD_backLightOn
                0x0000000008002660       0x24 ./Core/driver/LCD/LCD.o
                0x0000000008002660                LCD_backLightOn
 .text.LCD_cmdMode
                0x0000000008002684       0x20 ./Core/driver/LCD/LCD.o
                0x0000000008002684                LCD_cmdMode
 .text.LCD_charMode
                0x00000000080026a4       0x20 ./Core/driver/LCD/LCD.o
                0x00000000080026a4                LCD_charMode
 .text.LCD_writeMode
                0x00000000080026c4       0x20 ./Core/driver/LCD/LCD.o
                0x00000000080026c4                LCD_writeMode
 .text.LCD_E_High
                0x00000000080026e4       0x20 ./Core/driver/LCD/LCD.o
                0x00000000080026e4                LCD_E_High
 .text.LCD_E_Low
                0x0000000008002704       0x20 ./Core/driver/LCD/LCD.o
                0x0000000008002704                LCD_E_Low
 .text.LCD_sendData
                0x0000000008002724       0x2c ./Core/driver/LCD/LCD.o
                0x0000000008002724                LCD_sendData
 .text.LCD_sendByte
                0x0000000008002750       0x22 ./Core/driver/LCD/LCD.o
                0x0000000008002750                LCD_sendByte
 *fill*         0x0000000008002772        0x2 
 .text.LCD_sendHighNibble
                0x0000000008002774       0x60 ./Core/driver/LCD/LCD.o
                0x0000000008002774                LCD_sendHighNibble
 .text.LCD_sendLowNibble
                0x00000000080027d4       0x5c ./Core/driver/LCD/LCD.o
                0x00000000080027d4                LCD_sendLowNibble
 .text.LCD_writeCmdData
                0x0000000008002830       0x22 ./Core/driver/LCD/LCD.o
                0x0000000008002830                LCD_writeCmdData
 .text.LCD_writeCharData
                0x0000000008002852       0x22 ./Core/driver/LCD/LCD.o
                0x0000000008002852                LCD_writeCharData
 .text.LCD_gotoXY
                0x0000000008002874       0x42 ./Core/driver/LCD/LCD.o
                0x0000000008002874                LCD_gotoXY
 .text.LCD_writeString
                0x00000000080028b6       0x38 ./Core/driver/LCD/LCD.o
                0x00000000080028b6                LCD_writeString
 .text.LCD_writeStringXY
                0x00000000080028ee       0x2a ./Core/driver/LCD/LCD.o
                0x00000000080028ee                LCD_writeStringXY
 .text.Motor_init
                0x0000000008002918       0x3e ./Core/driver/Motor/Motor.o
                0x0000000008002918                Motor_init
 .text.Motor_stop
                0x0000000008002956       0x20 ./Core/driver/Motor/Motor.o
                0x0000000008002956                Motor_stop
 .text.Motor_forward
                0x0000000008002976       0x40 ./Core/driver/Motor/Motor.o
                0x0000000008002976                Motor_forward
 .text.Motor_backward
                0x00000000080029b6       0x40 ./Core/driver/Motor/Motor.o
                0x00000000080029b6                Motor_backward
 .text.Motor_setSpeed
                0x00000000080029f6       0x5c ./Core/driver/Motor/Motor.o
                0x00000000080029f6                Motor_setSpeed
 .text.UltraSonic_init
                0x0000000008002a52       0x44 ./Core/driver/UltraSonic/UltraSonic.o
                0x0000000008002a52                UltraSonic_init
 .text.UltraSonic_isCmpltRecvEcho
                0x0000000008002a96       0x18 ./Core/driver/UltraSonic/UltraSonic.o
                0x0000000008002a96                UltraSonic_isCmpltRecvEcho
 .text.UltraSonic_clearEchoFlag
                0x0000000008002aae       0x1a ./Core/driver/UltraSonic/UltraSonic.o
                0x0000000008002aae                UltraSonic_clearEchoFlag
 .text.UltraSonic_setEchoFlag
                0x0000000008002ac8       0x1a ./Core/driver/UltraSonic/UltraSonic.o
                0x0000000008002ac8                UltraSonic_setEchoFlag
 .text.UltraSonic_getEchopinState
                0x0000000008002ae2       0x22 ./Core/driver/UltraSonic/UltraSonic.o
                0x0000000008002ae2                UltraSonic_getEchopinState
 .text.UltraSonic_clearTimer
                0x0000000008002b04       0x1e ./Core/driver/UltraSonic/UltraSonic.o
                0x0000000008002b04                UltraSonic_clearTimer
 .text.UltraSonic_startTimer
                0x0000000008002b22       0x1a ./Core/driver/UltraSonic/UltraSonic.o
                0x0000000008002b22                UltraSonic_startTimer
 .text.UltraSonic_stopTimer
                0x0000000008002b3c       0x1a ./Core/driver/UltraSonic/UltraSonic.o
                0x0000000008002b3c                UltraSonic_stopTimer
 .text.UltraSonic_getTimerCounter
                0x0000000008002b56       0x1e ./Core/driver/UltraSonic/UltraSonic.o
                0x0000000008002b56                UltraSonic_getTimerCounter
 .text.UltraSonic_startTrig
                0x0000000008002b74       0x36 ./Core/driver/UltraSonic/UltraSonic.o
                0x0000000008002b74                UltraSonic_startTrig
 .text.UltraSonic_ISR_Process
                0x0000000008002baa       0x58 ./Core/driver/UltraSonic/UltraSonic.o
                0x0000000008002baa                UltraSonic_ISR_Process
 *fill*         0x0000000008002c02        0x6 
 .text.UltraSonic_getDistance
                0x0000000008002c08       0x70 ./Core/driver/UltraSonic/UltraSonic.o
                0x0000000008002c08                UltraSonic_getDistance
 .text.HAL_Init
                0x0000000008002c78       0x44 ./Drivers/STM32F4xx_HAL_Driver/Src/stm32f4xx_hal.o
                0x0000000008002c78                HAL_Init
 .text.HAL_IncTick
                0x0000000008002cbc       0x28 ./Drivers/STM32F4xx_HAL_Driver/Src/stm32f4xx_hal.o
                0x0000000008002cbc                HAL_IncTick
 .text.HAL_GetTick
                0x0000000008002ce4       0x18 ./Drivers/STM32F4xx_HAL_Driver/Src/stm32f4xx_hal.o
                0x0000000008002ce4                HAL_GetTick
 .text.HAL_Delay
                0x0000000008002cfc       0x48 ./Drivers/STM32F4xx_HAL_Driver/Src/stm32f4xx_hal.o
                0x0000000008002cfc                HAL_Delay
 .text.__NVIC_SetPriorityGrouping
                0x0000000008002d44       0x48 ./Drivers/STM32F4xx_HAL_Driver/Src/stm32f4xx_hal_cortex.o
 .text.__NVIC_GetPriorityGrouping
                0x0000000008002d8c       0x1c ./Drivers/STM32F4xx_HAL_Driver/Src/stm32f4xx_hal_cortex.o
 .text.__NVIC_EnableIRQ
                0x0000000008002da8       0x3c ./Drivers/STM32F4xx_HAL_Driver/Src/stm32f4xx_hal_cortex.o
 .text.__NVIC_SetPriority
                0x0000000008002de4       0x54 ./Drivers/STM32F4xx_HAL_Driver/Src/stm32f4xx_hal_cortex.o
 .text.NVIC_EncodePriority
                0x0000000008002e38       0x66 ./Drivers/STM32F4xx_HAL_Driver/Src/stm32f4xx_hal_cortex.o
 .text.HAL_NVIC_SetPriorityGrouping
                0x0000000008002e9e       0x16 ./Drivers/STM32F4xx_HAL_Driver/Src/stm32f4xx_hal_cortex.o
                0x0000000008002e9e                HAL_NVIC_SetPriorityGrouping
 .text.HAL_NVIC_SetPriority
                0x0000000008002eb4       0x38 ./Drivers/STM32F4xx_HAL_Driver/Src/stm32f4xx_hal_cortex.o
                0x0000000008002eb4                HAL_NVIC_SetPriority
 .text.HAL_NVIC_EnableIRQ
                0x0000000008002eec       0x1c ./Drivers/STM32F4xx_HAL_Driver/Src/stm32f4xx_hal_cortex.o
                0x0000000008002eec                HAL_NVIC_EnableIRQ
 .text.HAL_DMA_Abort
                0x0000000008002f08       0xe0 ./Drivers/STM32F4xx_HAL_Driver/Src/stm32f4xx_hal_dma.o
                0x0000000008002f08                HAL_DMA_Abort
 .text.HAL_DMA_Abort_IT
                0x0000000008002fe8       0x44 ./Drivers/STM32F4xx_HAL_Driver/Src/stm32f4xx_hal_dma.o
                0x0000000008002fe8                HAL_DMA_Abort_IT
 .text.HAL_GPIO_Init
                0x000000000800302c      0x308 ./Drivers/STM32F4xx_HAL_Driver/Src/stm32f4xx_hal_gpio.o
                0x000000000800302c                HAL_GPIO_Init
 .text.HAL_GPIO_ReadPin
                0x0000000008003334       0x30 ./Drivers/STM32F4xx_HAL_Driver/Src/stm32f4xx_hal_gpio.o
                0x0000000008003334                HAL_GPIO_ReadPin
 .text.HAL_GPIO_WritePin
                0x0000000008003364       0x32 ./Drivers/STM32F4xx_HAL_Driver/Src/stm32f4xx_hal_gpio.o
                0x0000000008003364                HAL_GPIO_WritePin
 .text.HAL_GPIO_TogglePin
                0x0000000008003396       0x34 ./Drivers/STM32F4xx_HAL_Driver/Src/stm32f4xx_hal_gpio.o
                0x0000000008003396                HAL_GPIO_TogglePin
 *fill*         0x00000000080033ca        0x2 
 .text.HAL_GPIO_EXTI_IRQHandler
                0x00000000080033cc       0x30 ./Drivers/STM32F4xx_HAL_Driver/Src/stm32f4xx_hal_gpio.o
                0x00000000080033cc                HAL_GPIO_EXTI_IRQHandler
 .text.HAL_I2C_Init
                0x00000000080033fc      0x288 ./Drivers/STM32F4xx_HAL_Driver/Src/stm32f4xx_hal_i2c.o
                0x00000000080033fc                HAL_I2C_Init
 .text.HAL_I2C_Master_Transmit
                0x0000000008003684      0x1fc ./Drivers/STM32F4xx_HAL_Driver/Src/stm32f4xx_hal_i2c.o
                0x0000000008003684                HAL_I2C_Master_Transmit
 .text.I2C_MasterRequestWrite
                0x0000000008003880      0x104 ./Drivers/STM32F4xx_HAL_Driver/Src/stm32f4xx_hal_i2c.o
 .text.I2C_WaitOnFlagUntilTimeout
                0x0000000008003984       0xf4 ./Drivers/STM32F4xx_HAL_Driver/Src/stm32f4xx_hal_i2c.o
 .text.I2C_WaitOnMasterAddressFlagUntilTimeout
                0x0000000008003a78      0x140 ./Drivers/STM32F4xx_HAL_Driver/Src/stm32f4xx_hal_i2c.o
 .text.I2C_WaitOnTXEFlagUntilTimeout
                0x0000000008003bb8       0x90 ./Drivers/STM32F4xx_HAL_Driver/Src/stm32f4xx_hal_i2c.o
 .text.I2C_WaitOnBTFFlagUntilTimeout
                0x0000000008003c48       0x90 ./Drivers/STM32F4xx_HAL_Driver/Src/stm32f4xx_hal_i2c.o
 .text.I2C_IsAcknowledgeFailed
                0x0000000008003cd8       0x5e ./Drivers/STM32F4xx_HAL_Driver/Src/stm32f4xx_hal_i2c.o
 *fill*         0x0000000008003d36        0x2 
 .text.HAL_RCC_OscConfig
                0x0000000008003d38      0x4f0 ./Drivers/STM32F4xx_HAL_Driver/Src/stm32f4xx_hal_rcc.o
                0x0000000008003d38                HAL_RCC_OscConfig
 .text.HAL_RCC_ClockConfig
                0x0000000008004228      0x1cc ./Drivers/STM32F4xx_HAL_Driver/Src/stm32f4xx_hal_rcc.o
                0x0000000008004228                HAL_RCC_ClockConfig
 .text.HAL_RCC_GetSysClockFreq
                0x00000000080043f4      0x20c ./Drivers/STM32F4xx_HAL_Driver/Src/stm32f4xx_hal_rcc.o
                0x00000000080043f4                HAL_RCC_GetSysClockFreq
 .text.HAL_RCC_GetHCLKFreq
                0x0000000008004600       0x18 ./Drivers/STM32F4xx_HAL_Driver/Src/stm32f4xx_hal_rcc.o
                0x0000000008004600                HAL_RCC_GetHCLKFreq
 .text.HAL_RCC_GetPCLK1Freq
                0x0000000008004618       0x28 ./Drivers/STM32F4xx_HAL_Driver/Src/stm32f4xx_hal_rcc.o
                0x0000000008004618                HAL_RCC_GetPCLK1Freq
 .text.HAL_RCC_GetPCLK2Freq
                0x0000000008004640       0x28 ./Drivers/STM32F4xx_HAL_Driver/Src/stm32f4xx_hal_rcc.o
                0x0000000008004640                HAL_RCC_GetPCLK2Freq
 .text.HAL_RCC_GetClockConfig
                0x0000000008004668       0x64 ./Drivers/STM32F4xx_HAL_Driver/Src/stm32f4xx_hal_rcc.o
                0x0000000008004668                HAL_RCC_GetClockConfig
 .text.HAL_TIM_Base_Init
                0x00000000080046cc       0x9e ./Drivers/STM32F4xx_HAL_Driver/Src/stm32f4xx_hal_tim.o
                0x00000000080046cc                HAL_TIM_Base_Init
 *fill*         0x000000000800476a        0x2 
 .text.HAL_TIM_Base_Start
                0x000000000800476c       0xb4 ./Drivers/STM32F4xx_HAL_Driver/Src/stm32f4xx_hal_tim.o
                0x000000000800476c                HAL_TIM_Base_Start
 .text.HAL_TIM_Base_Stop
                0x0000000008004820       0x4e ./Drivers/STM32F4xx_HAL_Driver/Src/stm32f4xx_hal_tim.o
                0x0000000008004820                HAL_TIM_Base_Stop
 *fill*         0x000000000800486e        0x2 
 .text.HAL_TIM_Base_Start_IT
                0x0000000008004870       0xc4 ./Drivers/STM32F4xx_HAL_Driver/Src/stm32f4xx_hal_tim.o
                0x0000000008004870                HAL_TIM_Base_Start_IT
 .text.HAL_TIM_PWM_Init
                0x0000000008004934       0x9e ./Drivers/STM32F4xx_HAL_Driver/Src/stm32f4xx_hal_tim.o
                0x0000000008004934                HAL_TIM_PWM_Init
 .text.HAL_TIM_PWM_MspInit
                0x00000000080049d2       0x14 ./Drivers/STM32F4xx_HAL_Driver/Src/stm32f4xx_hal_tim.o
                0x00000000080049d2                HAL_TIM_PWM_MspInit
 *fill*         0x00000000080049e6        0x2 
 .text.HAL_TIM_PWM_Start
                0x00000000080049e8      0x160 ./Drivers/STM32F4xx_HAL_Driver/Src/stm32f4xx_hal_tim.o
                0x00000000080049e8                HAL_TIM_PWM_Start
 .text.HAL_TIM_PWM_Stop
                0x0000000008004b48       0xc8 ./Drivers/STM32F4xx_HAL_Driver/Src/stm32f4xx_hal_tim.o
                0x0000000008004b48                HAL_TIM_PWM_Stop
 .text.HAL_TIM_IRQHandler
                0x0000000008004c10      0x1e0 ./Drivers/STM32F4xx_HAL_Driver/Src/stm32f4xx_hal_tim.o
                0x0000000008004c10                HAL_TIM_IRQHandler
 .text.HAL_TIM_PWM_ConfigChannel
                0x0000000008004df0      0x184 ./Drivers/STM32F4xx_HAL_Driver/Src/stm32f4xx_hal_tim.o
                0x0000000008004df0                HAL_TIM_PWM_ConfigChannel
 .text.HAL_TIM_ConfigClockSource
                0x0000000008004f74      0x18e ./Drivers/STM32F4xx_HAL_Driver/Src/stm32f4xx_hal_tim.o
                0x0000000008004f74                HAL_TIM_ConfigClockSource
 .text.HAL_TIM_OC_DelayElapsedCallback
                0x0000000008005102       0x14 ./Drivers/STM32F4xx_HAL_Driver/Src/stm32f4xx_hal_tim.o
                0x0000000008005102                HAL_TIM_OC_DelayElapsedCallback
 .text.HAL_TIM_IC_CaptureCallback
                0x0000000008005116       0x14 ./Drivers/STM32F4xx_HAL_Driver/Src/stm32f4xx_hal_tim.o
                0x0000000008005116                HAL_TIM_IC_CaptureCallback
 .text.HAL_TIM_PWM_PulseFinishedCallback
                0x000000000800512a       0x14 ./Drivers/STM32F4xx_HAL_Driver/Src/stm32f4xx_hal_tim.o
                0x000000000800512a                HAL_TIM_PWM_PulseFinishedCallback
 .text.HAL_TIM_TriggerCallback
                0x000000000800513e       0x14 ./Drivers/STM32F4xx_HAL_Driver/Src/stm32f4xx_hal_tim.o
                0x000000000800513e                HAL_TIM_TriggerCallback
 *fill*         0x0000000008005152        0x2 
 .text.TIM_Base_SetConfig
                0x0000000008005154      0x118 ./Drivers/STM32F4xx_HAL_Driver/Src/stm32f4xx_hal_tim.o
                0x0000000008005154                TIM_Base_SetConfig
 .text.TIM_OC1_SetConfig
                0x000000000800526c       0xcc ./Drivers/STM32F4xx_HAL_Driver/Src/stm32f4xx_hal_tim.o
 .text.TIM_OC2_SetConfig
                0x0000000008005338       0xd8 ./Drivers/STM32F4xx_HAL_Driver/Src/stm32f4xx_hal_tim.o
                0x0000000008005338                TIM_OC2_SetConfig
 .text.TIM_OC3_SetConfig
                0x0000000008005410       0xd4 ./Drivers/STM32F4xx_HAL_Driver/Src/stm32f4xx_hal_tim.o
 .text.TIM_OC4_SetConfig
                0x00000000080054e4       0xa0 ./Drivers/STM32F4xx_HAL_Driver/Src/stm32f4xx_hal_tim.o
 .text.TIM_TI1_ConfigInputStage
                0x0000000008005584       0x5e ./Drivers/STM32F4xx_HAL_Driver/Src/stm32f4xx_hal_tim.o
 .text.TIM_TI2_ConfigInputStage
                0x00000000080055e2       0x60 ./Drivers/STM32F4xx_HAL_Driver/Src/stm32f4xx_hal_tim.o
 .text.TIM_ITRx_SetConfig
                0x0000000008005642       0x36 ./Drivers/STM32F4xx_HAL_Driver/Src/stm32f4xx_hal_tim.o
 .text.TIM_ETR_SetConfig
                0x0000000008005678       0x40 ./Drivers/STM32F4xx_HAL_Driver/Src/stm32f4xx_hal_tim.o
                0x0000000008005678                TIM_ETR_SetConfig
 .text.TIM_CCxChannelCmd
                0x00000000080056b8       0x4a ./Drivers/STM32F4xx_HAL_Driver/Src/stm32f4xx_hal_tim.o
                0x00000000080056b8                TIM_CCxChannelCmd
 *fill*         0x0000000008005702        0x2 
 .text.HAL_TIMEx_MasterConfigSynchronization
                0x0000000008005704       0xdc ./Drivers/STM32F4xx_HAL_Driver/Src/stm32f4xx_hal_tim_ex.o
                0x0000000008005704                HAL_TIMEx_MasterConfigSynchronization
 .text.HAL_TIMEx_CommutCallback
                0x00000000080057e0       0x14 ./Drivers/STM32F4xx_HAL_Driver/Src/stm32f4xx_hal_tim_ex.o
                0x00000000080057e0                HAL_TIMEx_CommutCallback
 .text.HAL_TIMEx_BreakCallback
                0x00000000080057f4       0x14 ./Drivers/STM32F4xx_HAL_Driver/Src/stm32f4xx_hal_tim_ex.o
                0x00000000080057f4                HAL_TIMEx_BreakCallback
 .text.HAL_UART_Init
                0x0000000008005808       0xa0 ./Drivers/STM32F4xx_HAL_Driver/Src/stm32f4xx_hal_uart.o
                0x0000000008005808                HAL_UART_Init
 .text.HAL_UART_Transmit
                0x00000000080058a8      0x116 ./Drivers/STM32F4xx_HAL_Driver/Src/stm32f4xx_hal_uart.o
                0x00000000080058a8                HAL_UART_Transmit
 .text.HAL_UART_Receive_IT
                0x00000000080059be       0x4a ./Drivers/STM32F4xx_HAL_Driver/Src/stm32f4xx_hal_uart.o
                0x00000000080059be                HAL_UART_Receive_IT
 .text.HAL_UART_IRQHandler
                0x0000000008005a08      0x524 ./Drivers/STM32F4xx_HAL_Driver/Src/stm32f4xx_hal_uart.o
                0x0000000008005a08                HAL_UART_IRQHandler
 .text.HAL_UART_TxCpltCallback
                0x0000000008005f2c       0x14 ./Drivers/STM32F4xx_HAL_Driver/Src/stm32f4xx_hal_uart.o
                0x0000000008005f2c                HAL_UART_TxCpltCallback
 .text.HAL_UART_ErrorCallback
                0x0000000008005f40       0x14 ./Drivers/STM32F4xx_HAL_Driver/Src/stm32f4xx_hal_uart.o
                0x0000000008005f40                HAL_UART_ErrorCallback
 .text.HAL_UARTEx_RxEventCallback
                0x0000000008005f54       0x18 ./Drivers/STM32F4xx_HAL_Driver/Src/stm32f4xx_hal_uart.o
                0x0000000008005f54                HAL_UARTEx_RxEventCallback
 .text.UART_WaitOnFlagUntilTimeout
                0x0000000008005f6c       0xb2 ./Drivers/STM32F4xx_HAL_Driver/Src/stm32f4xx_hal_uart.o
 .text.UART_Start_Receive_IT
                0x000000000800601e       0x74 ./Drivers/STM32F4xx_HAL_Driver/Src/stm32f4xx_hal_uart.o
                0x000000000800601e                UART_Start_Receive_IT
 .text.UART_EndRxTransfer
                0x0000000008006092       0xc6 ./Drivers/STM32F4xx_HAL_Driver/Src/stm32f4xx_hal_uart.o
 .text.UART_DMAAbortOnError
                0x0000000008006158       0x28 ./Drivers/STM32F4xx_HAL_Driver/Src/stm32f4xx_hal_uart.o
 .text.UART_Transmit_IT
                0x0000000008006180       0xa0 ./Drivers/STM32F4xx_HAL_Driver/Src/stm32f4xx_hal_uart.o
 .text.UART_EndTransmit_IT
                0x0000000008006220       0x30 ./Drivers/STM32F4xx_HAL_Driver/Src/stm32f4xx_hal_uart.o
 .text.UART_Receive_IT
                0x0000000008006250      0x17c ./Drivers/STM32F4xx_HAL_Driver/Src/stm32f4xx_hal_uart.o
 .text.UART_SetConfig
                0x00000000080063cc      0x4e8 ./Drivers/STM32F4xx_HAL_Driver/Src/stm32f4xx_hal_uart.o
 .text.makeFreeRtosPriority
                0x00000000080068b4       0x30 ./Middlewares/Third_Party/FreeRTOS/Source/CMSIS_RTOS/cmsis_os.o
 .text.osKernelStart
                0x00000000080068e4        0xe ./Middlewares/Third_Party/FreeRTOS/Source/CMSIS_RTOS/cmsis_os.o
                0x00000000080068e4                osKernelStart
 .text.osThreadCreate
                0x00000000080068f2       0x98 ./Middlewares/Third_Party/FreeRTOS/Source/CMSIS_RTOS/cmsis_os.o
                0x00000000080068f2                osThreadCreate
 .text.osDelay  0x000000000800698a       0x28 ./Middlewares/Third_Party/FreeRTOS/Source/CMSIS_RTOS/cmsis_os.o
                0x000000000800698a                osDelay
 .text.vListInitialise
                0x00000000080069b2       0x40 ./Middlewares/Third_Party/FreeRTOS/Source/list.o
                0x00000000080069b2                vListInitialise
 .text.vListInitialiseItem
                0x00000000080069f2       0x1a ./Middlewares/Third_Party/FreeRTOS/Source/list.o
                0x00000000080069f2                vListInitialiseItem
 .text.vListInsertEnd
                0x0000000008006a0c       0x48 ./Middlewares/Third_Party/FreeRTOS/Source/list.o
                0x0000000008006a0c                vListInsertEnd
 .text.vListInsert
                0x0000000008006a54       0x72 ./Middlewares/Third_Party/FreeRTOS/Source/list.o
                0x0000000008006a54                vListInsert
 .text.uxListRemove
                0x0000000008006ac6       0x54 ./Middlewares/Third_Party/FreeRTOS/Source/list.o
                0x0000000008006ac6                uxListRemove
 .text.xTaskCreateStatic
                0x0000000008006b1a       0xba ./Middlewares/Third_Party/FreeRTOS/Source/tasks.o
                0x0000000008006b1a                xTaskCreateStatic
 .text.xTaskCreate
                0x0000000008006bd4       0x8a ./Middlewares/Third_Party/FreeRTOS/Source/tasks.o
                0x0000000008006bd4                xTaskCreate
 *fill*         0x0000000008006c5e        0x2 
 .text.prvInitialiseNewTask
                0x0000000008006c60      0x13c ./Middlewares/Third_Party/FreeRTOS/Source/tasks.o
 .text.prvAddNewTaskToReadyList
                0x0000000008006d9c       0xd4 ./Middlewares/Third_Party/FreeRTOS/Source/tasks.o
 .text.vTaskDelay
                0x0000000008006e70       0x68 ./Middlewares/Third_Party/FreeRTOS/Source/tasks.o
                0x0000000008006e70                vTaskDelay
 .text.vTaskStartScheduler
                0x0000000008006ed8       0xd4 ./Middlewares/Third_Party/FreeRTOS/Source/tasks.o
                0x0000000008006ed8                vTaskStartScheduler
 .text.vTaskSuspendAll
                0x0000000008006fac       0x1c ./Middlewares/Third_Party/FreeRTOS/Source/tasks.o
                0x0000000008006fac                vTaskSuspendAll
 .text.xTaskResumeAll
                0x0000000008006fc8      0x138 ./Middlewares/Third_Party/FreeRTOS/Source/tasks.o
                0x0000000008006fc8                xTaskResumeAll
 .text.xTaskIncrementTick
                0x0000000008007100      0x170 ./Middlewares/Third_Party/FreeRTOS/Source/tasks.o
                0x0000000008007100                xTaskIncrementTick
 .text.vTaskSwitchContext
                0x0000000008007270       0xc4 ./Middlewares/Third_Party/FreeRTOS/Source/tasks.o
                0x0000000008007270                vTaskSwitchContext
 .text.prvIdleTask
                0x0000000008007334       0x30 ./Middlewares/Third_Party/FreeRTOS/Source/tasks.o
 .text.prvInitialiseTaskLists
                0x0000000008007364       0x80 ./Middlewares/Third_Party/FreeRTOS/Source/tasks.o
 .text.prvCheckTasksWaitingTermination
                0x00000000080073e4       0x5c ./Middlewares/Third_Party/FreeRTOS/Source/tasks.o
 .text.prvDeleteTCB
                0x0000000008007440       0x68 ./Middlewares/Third_Party/FreeRTOS/Source/tasks.o
 .text.prvResetNextTaskUnblockTime
                0x00000000080074a8       0x40 ./Middlewares/Third_Party/FreeRTOS/Source/tasks.o
 .text.prvAddCurrentTaskToDelayedList
                0x00000000080074e8       0xcc ./Middlewares/Third_Party/FreeRTOS/Source/tasks.o
 .text.pxPortInitialiseStack
                0x00000000080075b4       0x68 ./Middlewares/Third_Party/FreeRTOS/Source/portable/GCC/ARM_CM4F/port.o
                0x00000000080075b4                pxPortInitialiseStack
 .text.prvTaskExitError
                0x000000000800761c       0x58 ./Middlewares/Third_Party/FreeRTOS/Source/portable/GCC/ARM_CM4F/port.o
 *fill*         0x0000000008007674        0xc 
 .text.SVC_Handler
                0x0000000008007680       0x28 ./Middlewares/Third_Party/FreeRTOS/Source/portable/GCC/ARM_CM4F/port.o
                0x0000000008007680                SVC_Handler
 .text.prvPortStartFirstTask
                0x00000000080076a8       0x28 ./Middlewares/Third_Party/FreeRTOS/Source/portable/GCC/ARM_CM4F/port.o
 .text.xPortStartScheduler
                0x00000000080076d0      0x144 ./Middlewares/Third_Party/FreeRTOS/Source/portable/GCC/ARM_CM4F/port.o
                0x00000000080076d0                xPortStartScheduler
 .text.vPortEnterCritical
                0x0000000008007814       0x60 ./Middlewares/Third_Party/FreeRTOS/Source/portable/GCC/ARM_CM4F/port.o
                0x0000000008007814                vPortEnterCritical
 .text.vPortExitCritical
                0x0000000008007874       0x54 ./Middlewares/Third_Party/FreeRTOS/Source/portable/GCC/ARM_CM4F/port.o
                0x0000000008007874                vPortExitCritical
 *fill*         0x00000000080078c8        0x8 
 .text.PendSV_Handler
                0x00000000080078d0       0x68 ./Middlewares/Third_Party/FreeRTOS/Source/portable/GCC/ARM_CM4F/port.o
                0x00000000080078d0                PendSV_Handler
 .text.SysTick_Handler
                0x0000000008007938       0x44 ./Middlewares/Third_Party/FreeRTOS/Source/portable/GCC/ARM_CM4F/port.o
                0x0000000008007938                SysTick_Handler
 .text.vPortSetupTimerInterrupt
                0x000000000800797c       0x48 ./Middlewares/Third_Party/FreeRTOS/Source/portable/GCC/ARM_CM4F/port.o
                0x000000000800797c                vPortSetupTimerInterrupt
 .text.vPortEnableVFP
                0x00000000080079c4       0x14 ./Middlewares/Third_Party/FreeRTOS/Source/portable/GCC/ARM_CM4F/port.o
 .text.pvPortMalloc
                0x00000000080079d8      0x198 ./Middlewares/Third_Party/FreeRTOS/Source/portable/MemMang/heap_4.o
                0x00000000080079d8                pvPortMalloc
 .text.vPortFree
                0x0000000008007b70       0xc4 ./Middlewares/Third_Party/FreeRTOS/Source/portable/MemMang/heap_4.o
                0x0000000008007b70                vPortFree
 .text.prvHeapInit
                0x0000000008007c34       0xc4 ./Middlewares/Third_Party/FreeRTOS/Source/portable/MemMang/heap_4.o
 .text.prvInsertBlockIntoFreeList
                0x0000000008007cf8       0xb4 ./Middlewares/Third_Party/FreeRTOS/Source/portable/MemMang/heap_4.o
 .text.atoi     0x0000000008007dac        0x8 D:/STM32CubeIDE_1.14.1/STM32CubeIDE/plugins/com.st.stm32cube.ide.mcu.externaltools.gnu-tools-for-stm32.11.3.rel1.win32_1.1.100.202309141235/tools/bin/../lib/gcc/arm-none-eabi/11.3.1/../../../../arm-none-eabi/lib/thumb/v7e-m+fp/hard\libc_nano.a(libc_a-atoi.o)
                0x0000000008007dac                atoi
 .text._strtol_l.constprop.0
                0x0000000008007db4      0x104 D:/STM32CubeIDE_1.14.1/STM32CubeIDE/plugins/com.st.stm32cube.ide.mcu.externaltools.gnu-tools-for-stm32.11.3.rel1.win32_1.1.100.202309141235/tools/bin/../lib/gcc/arm-none-eabi/11.3.1/../../../../arm-none-eabi/lib/thumb/v7e-m+fp/hard\libc_nano.a(libc_a-strtol.o)
 .text.strtol   0x0000000008007eb8       0x14 D:/STM32CubeIDE_1.14.1/STM32CubeIDE/plugins/com.st.stm32cube.ide.mcu.externaltools.gnu-tools-for-stm32.11.3.rel1.win32_1.1.100.202309141235/tools/bin/../lib/gcc/arm-none-eabi/11.3.1/../../../../arm-none-eabi/lib/thumb/v7e-m+fp/hard\libc_nano.a(libc_a-strtol.o)
                0x0000000008007eb8                strtol
 .text.std      0x0000000008007ecc       0x6c D:/STM32CubeIDE_1.14.1/STM32CubeIDE/plugins/com.st.stm32cube.ide.mcu.externaltools.gnu-tools-for-stm32.11.3.rel1.win32_1.1.100.202309141235/tools/bin/../lib/gcc/arm-none-eabi/11.3.1/../../../../arm-none-eabi/lib/thumb/v7e-m+fp/hard\libc_nano.a(libc_a-findfp.o)
 .text.stdio_exit_handler
                0x0000000008007f38       0x18 D:/STM32CubeIDE_1.14.1/STM32CubeIDE/plugins/com.st.stm32cube.ide.mcu.externaltools.gnu-tools-for-stm32.11.3.rel1.win32_1.1.100.202309141235/tools/bin/../lib/gcc/arm-none-eabi/11.3.1/../../../../arm-none-eabi/lib/thumb/v7e-m+fp/hard\libc_nano.a(libc_a-findfp.o)
 .text.cleanup_stdio
                0x0000000008007f50       0x40 D:/STM32CubeIDE_1.14.1/STM32CubeIDE/plugins/com.st.stm32cube.ide.mcu.externaltools.gnu-tools-for-stm32.11.3.rel1.win32_1.1.100.202309141235/tools/bin/../lib/gcc/arm-none-eabi/11.3.1/../../../../arm-none-eabi/lib/thumb/v7e-m+fp/hard\libc_nano.a(libc_a-findfp.o)
 .text.global_stdio_init.part.0
                0x0000000008007f90       0x3c D:/STM32CubeIDE_1.14.1/STM32CubeIDE/plugins/com.st.stm32cube.ide.mcu.externaltools.gnu-tools-for-stm32.11.3.rel1.win32_1.1.100.202309141235/tools/bin/../lib/gcc/arm-none-eabi/11.3.1/../../../../arm-none-eabi/lib/thumb/v7e-m+fp/hard\libc_nano.a(libc_a-findfp.o)
 .text.__sfp_lock_acquire
                0x0000000008007fcc        0xc D:/STM32CubeIDE_1.14.1/STM32CubeIDE/plugins/com.st.stm32cube.ide.mcu.externaltools.gnu-tools-for-stm32.11.3.rel1.win32_1.1.100.202309141235/tools/bin/../lib/gcc/arm-none-eabi/11.3.1/../../../../arm-none-eabi/lib/thumb/v7e-m+fp/hard\libc_nano.a(libc_a-findfp.o)
                0x0000000008007fcc                __sfp_lock_acquire
 .text.__sfp_lock_release
                0x0000000008007fd8        0xc D:/STM32CubeIDE_1.14.1/STM32CubeIDE/plugins/com.st.stm32cube.ide.mcu.externaltools.gnu-tools-for-stm32.11.3.rel1.win32_1.1.100.202309141235/tools/bin/../lib/gcc/arm-none-eabi/11.3.1/../../../../arm-none-eabi/lib/thumb/v7e-m+fp/hard\libc_nano.a(libc_a-findfp.o)
                0x0000000008007fd8                __sfp_lock_release
 .text.__sinit  0x0000000008007fe4       0x30 D:/STM32CubeIDE_1.14.1/STM32CubeIDE/plugins/com.st.stm32cube.ide.mcu.externaltools.gnu-tools-for-stm32.11.3.rel1.win32_1.1.100.202309141235/tools/bin/../lib/gcc/arm-none-eabi/11.3.1/../../../../arm-none-eabi/lib/thumb/v7e-m+fp/hard\libc_nano.a(libc_a-findfp.o)
                0x0000000008007fe4                __sinit
 .text._fwalk_sglue
                0x0000000008008014       0x3c D:/STM32CubeIDE_1.14.1/STM32CubeIDE/plugins/com.st.stm32cube.ide.mcu.externaltools.gnu-tools-for-stm32.11.3.rel1.win32_1.1.100.202309141235/tools/bin/../lib/gcc/arm-none-eabi/11.3.1/../../../../arm-none-eabi/lib/thumb/v7e-m+fp/hard\libc_nano.a(libc_a-fwalk.o)
                0x0000000008008014                _fwalk_sglue
 .text.printf   0x0000000008008050       0x24 D:/STM32CubeIDE_1.14.1/STM32CubeIDE/plugins/com.st.stm32cube.ide.mcu.externaltools.gnu-tools-for-stm32.11.3.rel1.win32_1.1.100.202309141235/tools/bin/../lib/gcc/arm-none-eabi/11.3.1/../../../../arm-none-eabi/lib/thumb/v7e-m+fp/hard\libc_nano.a(libc_a-printf.o)
                0x0000000008008050                iprintf
                0x0000000008008050                printf
 .text.sprintf  0x0000000008008074       0x40 D:/STM32CubeIDE_1.14.1/STM32CubeIDE/plugins/com.st.stm32cube.ide.mcu.externaltools.gnu-tools-for-stm32.11.3.rel1.win32_1.1.100.202309141235/tools/bin/../lib/gcc/arm-none-eabi/11.3.1/../../../../arm-none-eabi/lib/thumb/v7e-m+fp/hard\libc_nano.a(libc_a-sprintf.o)
                0x0000000008008074                siprintf
                0x0000000008008074                sprintf
 .text.__sread  0x00000000080080b4       0x22 D:/STM32CubeIDE_1.14.1/STM32CubeIDE/plugins/com.st.stm32cube.ide.mcu.externaltools.gnu-tools-for-stm32.11.3.rel1.win32_1.1.100.202309141235/tools/bin/../lib/gcc/arm-none-eabi/11.3.1/../../../../arm-none-eabi/lib/thumb/v7e-m+fp/hard\libc_nano.a(libc_a-stdio.o)
                0x00000000080080b4                __sread
 .text.__swrite
                0x00000000080080d6       0x38 D:/STM32CubeIDE_1.14.1/STM32CubeIDE/plugins/com.st.stm32cube.ide.mcu.externaltools.gnu-tools-for-stm32.11.3.rel1.win32_1.1.100.202309141235/tools/bin/../lib/gcc/arm-none-eabi/11.3.1/../../../../arm-none-eabi/lib/thumb/v7e-m+fp/hard\libc_nano.a(libc_a-stdio.o)
                0x00000000080080d6                __swrite
 .text.__sseek  0x000000000800810e       0x24 D:/STM32CubeIDE_1.14.1/STM32CubeIDE/plugins/com.st.stm32cube.ide.mcu.externaltools.gnu-tools-for-stm32.11.3.rel1.win32_1.1.100.202309141235/tools/bin/../lib/gcc/arm-none-eabi/11.3.1/../../../../arm-none-eabi/lib/thumb/v7e-m+fp/hard\libc_nano.a(libc_a-stdio.o)
                0x000000000800810e                __sseek
 .text.__sclose
                0x0000000008008132        0x8 D:/STM32CubeIDE_1.14.1/STM32CubeIDE/plugins/com.st.stm32cube.ide.mcu.externaltools.gnu-tools-for-stm32.11.3.rel1.win32_1.1.100.202309141235/tools/bin/../lib/gcc/arm-none-eabi/11.3.1/../../../../arm-none-eabi/lib/thumb/v7e-m+fp/hard\libc_nano.a(libc_a-stdio.o)
                0x0000000008008132                __sclose
 .text.memset   0x000000000800813a       0x10 D:/STM32CubeIDE_1.14.1/STM32CubeIDE/plugins/com.st.stm32cube.ide.mcu.externaltools.gnu-tools-for-stm32.11.3.rel1.win32_1.1.100.202309141235/tools/bin/../lib/gcc/arm-none-eabi/11.3.1/../../../../arm-none-eabi/lib/thumb/v7e-m+fp/hard\libc_nano.a(libc_a-memset.o)
                0x000000000800813a                memset
 *fill*         0x000000000800814a        0x2 
 .text._close_r
                0x000000000800814c       0x20 D:/STM32CubeIDE_1.14.1/STM32CubeIDE/plugins/com.st.stm32cube.ide.mcu.externaltools.gnu-tools-for-stm32.11.3.rel1.win32_1.1.100.202309141235/tools/bin/../lib/gcc/arm-none-eabi/11.3.1/../../../../arm-none-eabi/lib/thumb/v7e-m+fp/hard\libc_nano.a(libc_a-closer.o)
                0x000000000800814c                _close_r
 .text._reclaim_reent
                0x000000000800816c       0xac D:/STM32CubeIDE_1.14.1/STM32CubeIDE/plugins/com.st.stm32cube.ide.mcu.externaltools.gnu-tools-for-stm32.11.3.rel1.win32_1.1.100.202309141235/tools/bin/../lib/gcc/arm-none-eabi/11.3.1/../../../../arm-none-eabi/lib/thumb/v7e-m+fp/hard\libc_nano.a(libc_a-reent.o)
                0x000000000800816c                _reclaim_reent
 .text._lseek_r
                0x0000000008008218       0x24 D:/STM32CubeIDE_1.14.1/STM32CubeIDE/plugins/com.st.stm32cube.ide.mcu.externaltools.gnu-tools-for-stm32.11.3.rel1.win32_1.1.100.202309141235/tools/bin/../lib/gcc/arm-none-eabi/11.3.1/../../../../arm-none-eabi/lib/thumb/v7e-m+fp/hard\libc_nano.a(libc_a-lseekr.o)
                0x0000000008008218                _lseek_r
 .text._read_r  0x000000000800823c       0x24 D:/STM32CubeIDE_1.14.1/STM32CubeIDE/plugins/com.st.stm32cube.ide.mcu.externaltools.gnu-tools-for-stm32.11.3.rel1.win32_1.1.100.202309141235/tools/bin/../lib/gcc/arm-none-eabi/11.3.1/../../../../arm-none-eabi/lib/thumb/v7e-m+fp/hard\libc_nano.a(libc_a-readr.o)
                0x000000000800823c                _read_r
 .text._write_r
                0x0000000008008260       0x24 D:/STM32CubeIDE_1.14.1/STM32CubeIDE/plugins/com.st.stm32cube.ide.mcu.externaltools.gnu-tools-for-stm32.11.3.rel1.win32_1.1.100.202309141235/tools/bin/../lib/gcc/arm-none-eabi/11.3.1/../../../../arm-none-eabi/lib/thumb/v7e-m+fp/hard\libc_nano.a(libc_a-writer.o)
                0x0000000008008260                _write_r
 .text.__errno  0x0000000008008284        0xc D:/STM32CubeIDE_1.14.1/STM32CubeIDE/plugins/com.st.stm32cube.ide.mcu.externaltools.gnu-tools-for-stm32.11.3.rel1.win32_1.1.100.202309141235/tools/bin/../lib/gcc/arm-none-eabi/11.3.1/../../../../arm-none-eabi/lib/thumb/v7e-m+fp/hard\libc_nano.a(libc_a-errno.o)
                0x0000000008008284                __errno
 .text.__libc_init_array
                0x0000000008008290       0x48 D:/STM32CubeIDE_1.14.1/STM32CubeIDE/plugins/com.st.stm32cube.ide.mcu.externaltools.gnu-tools-for-stm32.11.3.rel1.win32_1.1.100.202309141235/tools/bin/../lib/gcc/arm-none-eabi/11.3.1/../../../../arm-none-eabi/lib/thumb/v7e-m+fp/hard\libc_nano.a(libc_a-init.o)
                0x0000000008008290                __libc_init_array
 .text.__retarget_lock_init_recursive
                0x00000000080082d8        0x2 D:/STM32CubeIDE_1.14.1/STM32CubeIDE/plugins/com.st.stm32cube.ide.mcu.externaltools.gnu-tools-for-stm32.11.3.rel1.win32_1.1.100.202309141235/tools/bin/../lib/gcc/arm-none-eabi/11.3.1/../../../../arm-none-eabi/lib/thumb/v7e-m+fp/hard\libc_nano.a(libc_a-lock.o)
                0x00000000080082d8                __retarget_lock_init_recursive
 .text.__retarget_lock_acquire_recursive
                0x00000000080082da        0x2 D:/STM32CubeIDE_1.14.1/STM32CubeIDE/plugins/com.st.stm32cube.ide.mcu.externaltools.gnu-tools-for-stm32.11.3.rel1.win32_1.1.100.202309141235/tools/bin/../lib/gcc/arm-none-eabi/11.3.1/../../../../arm-none-eabi/lib/thumb/v7e-m+fp/hard\libc_nano.a(libc_a-lock.o)
                0x00000000080082da                __retarget_lock_acquire_recursive
 .text.__retarget_lock_release_recursive
                0x00000000080082dc        0x2 D:/STM32CubeIDE_1.14.1/STM32CubeIDE/plugins/com.st.stm32cube.ide.mcu.externaltools.gnu-tools-for-stm32.11.3.rel1.win32_1.1.100.202309141235/tools/bin/../lib/gcc/arm-none-eabi/11.3.1/../../../../arm-none-eabi/lib/thumb/v7e-m+fp/hard\libc_nano.a(libc_a-lock.o)
                0x00000000080082dc                __retarget_lock_release_recursive
 .text.memcpy   0x00000000080082de       0x1c D:/STM32CubeIDE_1.14.1/STM32CubeIDE/plugins/com.st.stm32cube.ide.mcu.externaltools.gnu-tools-for-stm32.11.3.rel1.win32_1.1.100.202309141235/tools/bin/../lib/gcc/arm-none-eabi/11.3.1/../../../../arm-none-eabi/lib/thumb/v7e-m+fp/hard\libc_nano.a(libc_a-memcpy-stub.o)
                0x00000000080082de                memcpy
 *fill*         0x00000000080082fa        0x2 
 .text._free_r  0x00000000080082fc       0x98 D:/STM32CubeIDE_1.14.1/STM32CubeIDE/plugins/com.st.stm32cube.ide.mcu.externaltools.gnu-tools-for-stm32.11.3.rel1.win32_1.1.100.202309141235/tools/bin/../lib/gcc/arm-none-eabi/11.3.1/../../../../arm-none-eabi/lib/thumb/v7e-m+fp/hard\libc_nano.a(libc_a-freer.o)
                0x00000000080082fc                _free_r
 .text.sbrk_aligned
                0x0000000008008394       0x40 D:/STM32CubeIDE_1.14.1/STM32CubeIDE/plugins/com.st.stm32cube.ide.mcu.externaltools.gnu-tools-for-stm32.11.3.rel1.win32_1.1.100.202309141235/tools/bin/../lib/gcc/arm-none-eabi/11.3.1/../../../../arm-none-eabi/lib/thumb/v7e-m+fp/hard\libc_nano.a(libc_a-mallocr.o)
 .text._malloc_r
                0x00000000080083d4      0x100 D:/STM32CubeIDE_1.14.1/STM32CubeIDE/plugins/com.st.stm32cube.ide.mcu.externaltools.gnu-tools-for-stm32.11.3.rel1.win32_1.1.100.202309141235/tools/bin/../lib/gcc/arm-none-eabi/11.3.1/../../../../arm-none-eabi/lib/thumb/v7e-m+fp/hard\libc_nano.a(libc_a-mallocr.o)
                0x00000000080083d4                _malloc_r
 .text.__malloc_lock
                0x00000000080084d4        0xc D:/STM32CubeIDE_1.14.1/STM32CubeIDE/plugins/com.st.stm32cube.ide.mcu.externaltools.gnu-tools-for-stm32.11.3.rel1.win32_1.1.100.202309141235/tools/bin/../lib/gcc/arm-none-eabi/11.3.1/../../../../arm-none-eabi/lib/thumb/v7e-m+fp/hard\libc_nano.a(libc_a-mlock.o)
                0x00000000080084d4                __malloc_lock
 .text.__malloc_unlock
                0x00000000080084e0        0xc D:/STM32CubeIDE_1.14.1/STM32CubeIDE/plugins/com.st.stm32cube.ide.mcu.externaltools.gnu-tools-for-stm32.11.3.rel1.win32_1.1.100.202309141235/tools/bin/../lib/gcc/arm-none-eabi/11.3.1/../../../../arm-none-eabi/lib/thumb/v7e-m+fp/hard\libc_nano.a(libc_a-mlock.o)
                0x00000000080084e0                __malloc_unlock
 .text.__ssputs_r
                0x00000000080084ec       0xb4 D:/STM32CubeIDE_1.14.1/STM32CubeIDE/plugins/com.st.stm32cube.ide.mcu.externaltools.gnu-tools-for-stm32.11.3.rel1.win32_1.1.100.202309141235/tools/bin/../lib/gcc/arm-none-eabi/11.3.1/../../../../arm-none-eabi/lib/thumb/v7e-m+fp/hard\libc_nano.a(libc_a-nano-svfprintf.o)
                0x00000000080084ec                __ssputs_r
 .text._svfprintf_r
                0x00000000080085a0      0x1fc D:/STM32CubeIDE_1.14.1/STM32CubeIDE/plugins/com.st.stm32cube.ide.mcu.externaltools.gnu-tools-for-stm32.11.3.rel1.win32_1.1.100.202309141235/tools/bin/../lib/gcc/arm-none-eabi/11.3.1/../../../../arm-none-eabi/lib/thumb/v7e-m+fp/hard\libc_nano.a(libc_a-nano-svfprintf.o)
                0x00000000080085a0                _svfiprintf_r
                0x00000000080085a0                _svfprintf_r
 .text.__sfputc_r
                0x000000000800879c       0x2e D:/STM32CubeIDE_1.14.1/STM32CubeIDE/plugins/com.st.stm32cube.ide.mcu.externaltools.gnu-tools-for-stm32.11.3.rel1.win32_1.1.100.202309141235/tools/bin/../lib/gcc/arm-none-eabi/11.3.1/../../../../arm-none-eabi/lib/thumb/v7e-m+fp/hard\libc_nano.a(libc_a-nano-vfprintf.o)
 .text.__sfputs_r
                0x00000000080087ca       0x24 D:/STM32CubeIDE_1.14.1/STM32CubeIDE/plugins/com.st.stm32cube.ide.mcu.externaltools.gnu-tools-for-stm32.11.3.rel1.win32_1.1.100.202309141235/tools/bin/../lib/gcc/arm-none-eabi/11.3.1/../../../../arm-none-eabi/lib/thumb/v7e-m+fp/hard\libc_nano.a(libc_a-nano-vfprintf.o)
                0x00000000080087ca                __sfputs_r
 *fill*         0x00000000080087ee        0x2 
 .text._vfprintf_r
                0x00000000080087f0      0x234 D:/STM32CubeIDE_1.14.1/STM32CubeIDE/plugins/com.st.stm32cube.ide.mcu.externaltools.gnu-tools-for-stm32.11.3.rel1.win32_1.1.100.202309141235/tools/bin/../lib/gcc/arm-none-eabi/11.3.1/../../../../arm-none-eabi/lib/thumb/v7e-m+fp/hard\libc_nano.a(libc_a-nano-vfprintf.o)
                0x00000000080087f0                _vfprintf_r
                0x00000000080087f0                _vfiprintf_r
 .text._printf_common
                0x0000000008008a24       0xda D:/STM32CubeIDE_1.14.1/STM32CubeIDE/plugins/com.st.stm32cube.ide.mcu.externaltools.gnu-tools-for-stm32.11.3.rel1.win32_1.1.100.202309141235/tools/bin/../lib/gcc/arm-none-eabi/11.3.1/../../../../arm-none-eabi/lib/thumb/v7e-m+fp/hard\libc_nano.a(libc_a-nano-vfprintf_i.o)
                0x0000000008008a24                _printf_common
 *fill*         0x0000000008008afe        0x2 
 .text._printf_i
                0x0000000008008b00      0x244 D:/STM32CubeIDE_1.14.1/STM32CubeIDE/plugins/com.st.stm32cube.ide.mcu.externaltools.gnu-tools-for-stm32.11.3.rel1.win32_1.1.100.202309141235/tools/bin/../lib/gcc/arm-none-eabi/11.3.1/../../../../arm-none-eabi/lib/thumb/v7e-m+fp/hard\libc_nano.a(libc_a-nano-vfprintf_i.o)
                0x0000000008008b00                _printf_i
 .text.__sflush_r
                0x0000000008008d44      0x10c D:/STM32CubeIDE_1.14.1/STM32CubeIDE/plugins/com.st.stm32cube.ide.mcu.externaltools.gnu-tools-for-stm32.11.3.rel1.win32_1.1.100.202309141235/tools/bin/../lib/gcc/arm-none-eabi/11.3.1/../../../../arm-none-eabi/lib/thumb/v7e-m+fp/hard\libc_nano.a(libc_a-fflush.o)
                0x0000000008008d44                __sflush_r
 .text._fflush_r
                0x0000000008008e50       0x50 D:/STM32CubeIDE_1.14.1/STM32CubeIDE/plugins/com.st.stm32cube.ide.mcu.externaltools.gnu-tools-for-stm32.11.3.rel1.win32_1.1.100.202309141235/tools/bin/../lib/gcc/arm-none-eabi/11.3.1/../../../../arm-none-eabi/lib/thumb/v7e-m+fp/hard\libc_nano.a(libc_a-fflush.o)
                0x0000000008008e50                _fflush_r
 .text.__swbuf_r
                0x0000000008008ea0       0x7a D:/STM32CubeIDE_1.14.1/STM32CubeIDE/plugins/com.st.stm32cube.ide.mcu.externaltools.gnu-tools-for-stm32.11.3.rel1.win32_1.1.100.202309141235/tools/bin/../lib/gcc/arm-none-eabi/11.3.1/../../../../arm-none-eabi/lib/thumb/v7e-m+fp/hard\libc_nano.a(libc_a-wbuf.o)
                0x0000000008008ea0                __swbuf_r
 *fill*         0x0000000008008f1a        0x2 
 .text.__swsetup_r
                0x0000000008008f1c       0xb0 D:/STM32CubeIDE_1.14.1/STM32CubeIDE/plugins/com.st.stm32cube.ide.mcu.externaltools.gnu-tools-for-stm32.11.3.rel1.win32_1.1.100.202309141235/tools/bin/../lib/gcc/arm-none-eabi/11.3.1/../../../../arm-none-eabi/lib/thumb/v7e-m+fp/hard\libc_nano.a(libc_a-wsetup.o)
                0x0000000008008f1c                __swsetup_r
 .text.memmove  0x0000000008008fcc       0x34 D:/STM32CubeIDE_1.14.1/STM32CubeIDE/plugins/com.st.stm32cube.ide.mcu.externaltools.gnu-tools-for-stm32.11.3.rel1.win32_1.1.100.202309141235/tools/bin/../lib/gcc/arm-none-eabi/11.3.1/../../../../arm-none-eabi/lib/thumb/v7e-m+fp/hard\libc_nano.a(libc_a-memmove.o)
                0x0000000008008fcc                memmove
 .text._sbrk_r  0x0000000008009000       0x20 D:/STM32CubeIDE_1.14.1/STM32CubeIDE/plugins/com.st.stm32cube.ide.mcu.externaltools.gnu-tools-for-stm32.11.3.rel1.win32_1.1.100.202309141235/tools/bin/../lib/gcc/arm-none-eabi/11.3.1/../../../../arm-none-eabi/lib/thumb/v7e-m+fp/hard\libc_nano.a(libc_a-sbrkr.o)
                0x0000000008009000                _sbrk_r
 .text._realloc_r
                0x0000000008009020       0x5e D:/STM32CubeIDE_1.14.1/STM32CubeIDE/plugins/com.st.stm32cube.ide.mcu.externaltools.gnu-tools-for-stm32.11.3.rel1.win32_1.1.100.202309141235/tools/bin/../lib/gcc/arm-none-eabi/11.3.1/../../../../arm-none-eabi/lib/thumb/v7e-m+fp/hard\libc_nano.a(libc_a-reallocr.o)
                0x0000000008009020                _realloc_r
 .text.__swhatbuf_r
                0x000000000800907e       0x4c D:/STM32CubeIDE_1.14.1/STM32CubeIDE/plugins/com.st.stm32cube.ide.mcu.externaltools.gnu-tools-for-stm32.11.3.rel1.win32_1.1.100.202309141235/tools/bin/../lib/gcc/arm-none-eabi/11.3.1/../../../../arm-none-eabi/lib/thumb/v7e-m+fp/hard\libc_nano.a(libc_a-makebuf.o)
                0x000000000800907e                __swhatbuf_r
 .text.__smakebuf_r
                0x00000000080090ca       0x78 D:/STM32CubeIDE_1.14.1/STM32CubeIDE/plugins/com.st.stm32cube.ide.mcu.externaltools.gnu-tools-for-stm32.11.3.rel1.win32_1.1.100.202309141235/tools/bin/../lib/gcc/arm-none-eabi/11.3.1/../../../../arm-none-eabi/lib/thumb/v7e-m+fp/hard\libc_nano.a(libc_a-makebuf.o)
                0x00000000080090ca                __smakebuf_r
 *fill*         0x0000000008009142        0x2 
 .text._fstat_r
                0x0000000008009144       0x24 D:/STM32CubeIDE_1.14.1/STM32CubeIDE/plugins/com.st.stm32cube.ide.mcu.externaltools.gnu-tools-for-stm32.11.3.rel1.win32_1.1.100.202309141235/tools/bin/../lib/gcc/arm-none-eabi/11.3.1/../../../../arm-none-eabi/lib/thumb/v7e-m+fp/hard\libc_nano.a(libc_a-fstatr.o)
                0x0000000008009144                _fstat_r
 .text._isatty_r
                0x0000000008009168       0x20 D:/STM32CubeIDE_1.14.1/STM32CubeIDE/plugins/com.st.stm32cube.ide.mcu.externaltools.gnu-tools-for-stm32.11.3.rel1.win32_1.1.100.202309141235/tools/bin/../lib/gcc/arm-none-eabi/11.3.1/../../../../arm-none-eabi/lib/thumb/v7e-m+fp/hard\libc_nano.a(libc_a-isattyr.o)
                0x0000000008009168                _isatty_r
 .text._malloc_usable_size_r
                0x0000000008009188       0x10 D:/STM32CubeIDE_1.14.1/STM32CubeIDE/plugins/com.st.stm32cube.ide.mcu.externaltools.gnu-tools-for-stm32.11.3.rel1.win32_1.1.100.202309141235/tools/bin/../lib/gcc/arm-none-eabi/11.3.1/../../../../arm-none-eabi/lib/thumb/v7e-m+fp/hard\libc_nano.a(libc_a-msizer.o)
                0x0000000008009188                _malloc_usable_size_r
 *(.glue_7)
 .glue_7        0x0000000008009198        0x0 linker stubs
 *(.glue_7t)
 .glue_7t       0x0000000008009198        0x0 linker stubs
 *(.eh_frame)
 .eh_frame      0x0000000008009198        0x0 D:/STM32CubeIDE_1.14.1/STM32CubeIDE/plugins/com.st.stm32cube.ide.mcu.externaltools.gnu-tools-for-stm32.11.3.rel1.win32_1.1.100.202309141235/tools/bin/../lib/gcc/arm-none-eabi/11.3.1/thumb/v7e-m+fp/hard/crtbegin.o
 *(.init)
 .init          0x0000000008009198        0x4 D:/STM32CubeIDE_1.14.1/STM32CubeIDE/plugins/com.st.stm32cube.ide.mcu.externaltools.gnu-tools-for-stm32.11.3.rel1.win32_1.1.100.202309141235/tools/bin/../lib/gcc/arm-none-eabi/11.3.1/thumb/v7e-m+fp/hard/crti.o
                0x0000000008009198                _init
 .init          0x000000000800919c        0x8 D:/STM32CubeIDE_1.14.1/STM32CubeIDE/plugins/com.st.stm32cube.ide.mcu.externaltools.gnu-tools-for-stm32.11.3.rel1.win32_1.1.100.202309141235/tools/bin/../lib/gcc/arm-none-eabi/11.3.1/thumb/v7e-m+fp/hard/crtn.o
 *(.fini)
 .fini          0x00000000080091a4        0x4 D:/STM32CubeIDE_1.14.1/STM32CubeIDE/plugins/com.st.stm32cube.ide.mcu.externaltools.gnu-tools-for-stm32.11.3.rel1.win32_1.1.100.202309141235/tools/bin/../lib/gcc/arm-none-eabi/11.3.1/thumb/v7e-m+fp/hard/crti.o
                0x00000000080091a4                _fini
 .fini          0x00000000080091a8        0x8 D:/STM32CubeIDE_1.14.1/STM32CubeIDE/plugins/com.st.stm32cube.ide.mcu.externaltools.gnu-tools-for-stm32.11.3.rel1.win32_1.1.100.202309141235/tools/bin/../lib/gcc/arm-none-eabi/11.3.1/thumb/v7e-m+fp/hard/crtn.o
                0x00000000080091b0                . = ALIGN (0x4)
                0x00000000080091b0                _etext = .

.vfp11_veneer   0x00000000080091b0        0x0
 .vfp11_veneer  0x00000000080091b0        0x0 linker stubs

.v4_bx          0x00000000080091b0        0x0
 .v4_bx         0x00000000080091b0        0x0 linker stubs

.iplt           0x00000000080091b0        0x0
 .iplt          0x00000000080091b0        0x0 D:/STM32CubeIDE_1.14.1/STM32CubeIDE/plugins/com.st.stm32cube.ide.mcu.externaltools.gnu-tools-for-stm32.11.3.rel1.win32_1.1.100.202309141235/tools/bin/../lib/gcc/arm-none-eabi/11.3.1/thumb/v7e-m+fp/hard/crtbegin.o

.rodata         0x00000000080091b0      0x268
                0x00000000080091b0                . = ALIGN (0x4)
 *(.rodata)
 .rodata        0x00000000080091b0       0xac ./Core/Src/main.o
 .rodata        0x000000000800925c        0x8 ./Core/ap/listenerTask/Listener.o
 .rodata        0x0000000008009264       0x5e ./Core/ap/presenterTask/Presenter.o
 *fill*         0x00000000080092c2        0x2 
 .rodata        0x00000000080092c4        0x5 ./Middlewares/Third_Party/FreeRTOS/Source/tasks.o
 *(.rodata*)
 *fill*         0x00000000080092c9        0x3 
 .rodata.AHBPrescTable
                0x00000000080092cc       0x10 ./Core/Src/system_stm32f4xx.o
                0x00000000080092cc                AHBPrescTable
 .rodata.APBPrescTable
                0x00000000080092dc        0x8 ./Core/Src/system_stm32f4xx.o
                0x00000000080092dc                APBPrescTable
 .rodata._ctype_
                0x00000000080092e4      0x101 D:/STM32CubeIDE_1.14.1/STM32CubeIDE/plugins/com.st.stm32cube.ide.mcu.externaltools.gnu-tools-for-stm32.11.3.rel1.win32_1.1.100.202309141235/tools/bin/../lib/gcc/arm-none-eabi/11.3.1/../../../../arm-none-eabi/lib/thumb/v7e-m+fp/hard\libc_nano.a(libc_a-ctype_.o)
                0x00000000080092e4                _ctype_
 .rodata._svfprintf_r.str1.1
                0x00000000080093e5       0x11 D:/STM32CubeIDE_1.14.1/STM32CubeIDE/plugins/com.st.stm32cube.ide.mcu.externaltools.gnu-tools-for-stm32.11.3.rel1.win32_1.1.100.202309141235/tools/bin/../lib/gcc/arm-none-eabi/11.3.1/../../../../arm-none-eabi/lib/thumb/v7e-m+fp/hard\libc_nano.a(libc_a-nano-svfprintf.o)
 .rodata._vfprintf_r.str1.1
                0x00000000080093f6       0x11 D:/STM32CubeIDE_1.14.1/STM32CubeIDE/plugins/com.st.stm32cube.ide.mcu.externaltools.gnu-tools-for-stm32.11.3.rel1.win32_1.1.100.202309141235/tools/bin/../lib/gcc/arm-none-eabi/11.3.1/../../../../arm-none-eabi/lib/thumb/v7e-m+fp/hard\libc_nano.a(libc_a-nano-vfprintf.o)
 .rodata._printf_i.str1.1
                0x00000000080093f6       0x22 D:/STM32CubeIDE_1.14.1/STM32CubeIDE/plugins/com.st.stm32cube.ide.mcu.externaltools.gnu-tools-for-stm32.11.3.rel1.win32_1.1.100.202309141235/tools/bin/../lib/gcc/arm-none-eabi/11.3.1/../../../../arm-none-eabi/lib/thumb/v7e-m+fp/hard\libc_nano.a(libc_a-nano-vfprintf_i.o)
                0x0000000008009418                . = ALIGN (0x4)

.ARM.extab      0x0000000008009418        0x0
                0x0000000008009418                . = ALIGN (0x4)
 *(.ARM.extab* .gnu.linkonce.armextab.*)
                0x0000000008009418                . = ALIGN (0x4)

.ARM            0x0000000008009418        0x8
                0x0000000008009418                . = ALIGN (0x4)
                0x0000000008009418                __exidx_start = .
 *(.ARM.exidx*)
 .ARM.exidx     0x0000000008009418        0x8 D:/STM32CubeIDE_1.14.1/STM32CubeIDE/plugins/com.st.stm32cube.ide.mcu.externaltools.gnu-tools-for-stm32.11.3.rel1.win32_1.1.100.202309141235/tools/bin/../lib/gcc/arm-none-eabi/11.3.1/thumb/v7e-m+fp/hard\libgcc.a(_udivmoddi4.o)
                0x0000000008009420                __exidx_end = .
                0x0000000008009420                . = ALIGN (0x4)

.rel.dyn        0x0000000008009420        0x0
 .rel.iplt      0x0000000008009420        0x0 D:/STM32CubeIDE_1.14.1/STM32CubeIDE/plugins/com.st.stm32cube.ide.mcu.externaltools.gnu-tools-for-stm32.11.3.rel1.win32_1.1.100.202309141235/tools/bin/../lib/gcc/arm-none-eabi/11.3.1/thumb/v7e-m+fp/hard/crtbegin.o

.preinit_array  0x0000000008009420        0x0
                0x0000000008009420                . = ALIGN (0x4)
                0x0000000008009420                PROVIDE (__preinit_array_start = .)
 *(.preinit_array*)
                0x0000000008009420                PROVIDE (__preinit_array_end = .)
                0x0000000008009420                . = ALIGN (0x4)

.init_array     0x0000000008009420        0x4
                0x0000000008009420                . = ALIGN (0x4)
                0x0000000008009420                PROVIDE (__init_array_start = .)
 *(SORT_BY_NAME(.init_array.*))
 *(.init_array*)
 .init_array    0x0000000008009420        0x4 D:/STM32CubeIDE_1.14.1/STM32CubeIDE/plugins/com.st.stm32cube.ide.mcu.externaltools.gnu-tools-for-stm32.11.3.rel1.win32_1.1.100.202309141235/tools/bin/../lib/gcc/arm-none-eabi/11.3.1/thumb/v7e-m+fp/hard/crtbegin.o
                0x0000000008009424                PROVIDE (__init_array_end = .)
                0x0000000008009424                . = ALIGN (0x4)

.fini_array     0x0000000008009424        0x4
                0x0000000008009424                . = ALIGN (0x4)
                [!provide]                        PROVIDE (__fini_array_start = .)
 *(SORT_BY_NAME(.fini_array.*))
 *(.fini_array*)
 .fini_array    0x0000000008009424        0x4 D:/STM32CubeIDE_1.14.1/STM32CubeIDE/plugins/com.st.stm32cube.ide.mcu.externaltools.gnu-tools-for-stm32.11.3.rel1.win32_1.1.100.202309141235/tools/bin/../lib/gcc/arm-none-eabi/11.3.1/thumb/v7e-m+fp/hard/crtbegin.o
                [!provide]                        PROVIDE (__fini_array_end = .)
                0x0000000008009428                . = ALIGN (0x4)
                0x0000000008009428                _sidata = LOADADDR (.data)

.data           0x0000000020000000       0x6c load address 0x0000000008009428
                0x0000000020000000                . = ALIGN (0x4)
                0x0000000020000000                _sdata = .
 *(.data)
 *(.data*)
 .data.SystemCoreClock
                0x0000000020000000        0x4 ./Core/Src/system_stm32f4xx.o
                0x0000000020000000                SystemCoreClock
 .data.uwTickPrio
                0x0000000020000004        0x4 ./Drivers/STM32F4xx_HAL_Driver/Src/stm32f4xx_hal.o
                0x0000000020000004                uwTickPrio
 .data.uwTickFreq
                0x0000000020000008        0x1 ./Drivers/STM32F4xx_HAL_Driver/Src/stm32f4xx_hal.o
                0x0000000020000008                uwTickFreq
 *fill*         0x0000000020000009        0x3 
 .data.uxCriticalNesting
                0x000000002000000c        0x4 ./Middlewares/Third_Party/FreeRTOS/Source/portable/GCC/ARM_CM4F/port.o
 .data.__sglue  0x0000000020000010        0xc D:/STM32CubeIDE_1.14.1/STM32CubeIDE/plugins/com.st.stm32cube.ide.mcu.externaltools.gnu-tools-for-stm32.11.3.rel1.win32_1.1.100.202309141235/tools/bin/../lib/gcc/arm-none-eabi/11.3.1/../../../../arm-none-eabi/lib/thumb/v7e-m+fp/hard\libc_nano.a(libc_a-findfp.o)
                0x0000000020000010                __sglue
 .data._impure_data
                0x000000002000001c       0x4c D:/STM32CubeIDE_1.14.1/STM32CubeIDE/plugins/com.st.stm32cube.ide.mcu.externaltools.gnu-tools-for-stm32.11.3.rel1.win32_1.1.100.202309141235/tools/bin/../lib/gcc/arm-none-eabi/11.3.1/../../../../arm-none-eabi/lib/thumb/v7e-m+fp/hard\libc_nano.a(libc_a-impure.o)
                0x000000002000001c                _impure_data
 .data._impure_ptr
                0x0000000020000068        0x4 D:/STM32CubeIDE_1.14.1/STM32CubeIDE/plugins/com.st.stm32cube.ide.mcu.externaltools.gnu-tools-for-stm32.11.3.rel1.win32_1.1.100.202309141235/tools/bin/../lib/gcc/arm-none-eabi/11.3.1/../../../../arm-none-eabi/lib/thumb/v7e-m+fp/hard\libc_nano.a(libc_a-impure.o)
                0x0000000020000068                _impure_ptr
 *(.RamFunc)
 *(.RamFunc*)
                0x000000002000006c                . = ALIGN (0x4)
                0x000000002000006c                _edata = .

.igot.plt       0x000000002000006c        0x0 load address 0x0000000008009494
 .igot.plt      0x000000002000006c        0x0 D:/STM32CubeIDE_1.14.1/STM32CubeIDE/plugins/com.st.stm32cube.ide.mcu.externaltools.gnu-tools-for-stm32.11.3.rel1.win32_1.1.100.202309141235/tools/bin/../lib/gcc/arm-none-eabi/11.3.1/thumb/v7e-m+fp/hard/crtbegin.o
                0x000000002000006c                . = ALIGN (0x4)

.bss            0x000000002000006c     0x456c load address 0x0000000008009494
                0x000000002000006c                _sbss = .
                0x000000002000006c                __bss_start__ = _sbss
 *(.bss)
 .bss           0x000000002000006c       0x1c D:/STM32CubeIDE_1.14.1/STM32CubeIDE/plugins/com.st.stm32cube.ide.mcu.externaltools.gnu-tools-for-stm32.11.3.rel1.win32_1.1.100.202309141235/tools/bin/../lib/gcc/arm-none-eabi/11.3.1/thumb/v7e-m+fp/hard/crtbegin.o
 *(.bss*)
 .bss.xIdleTaskTCBBuffer
                0x0000000020000088       0xa0 ./Core/Src/freertos.o
 .bss.xIdleStack
                0x0000000020000128      0x200 ./Core/Src/freertos.o
 .bss.hi2c1     0x0000000020000328       0x54 ./Core/Src/main.o
                0x0000000020000328                hi2c1
 .bss.htim1     0x000000002000037c       0x48 ./Core/Src/main.o
                0x000000002000037c                htim1
 .bss.htim2     0x00000000200003c4       0x48 ./Core/Src/main.o
                0x00000000200003c4                htim2
 .bss.htim3     0x000000002000040c       0x48 ./Core/Src/main.o
                0x000000002000040c                htim3
 .bss.htim4     0x0000000020000454       0x48 ./Core/Src/main.o
                0x0000000020000454                htim4
 .bss.huart1    0x000000002000049c       0x48 ./Core/Src/main.o
                0x000000002000049c                huart1
 .bss.huart2    0x00000000200004e4       0x48 ./Core/Src/main.o
                0x00000000200004e4                huart2
 .bss.defaultTaskHandle
                0x000000002000052c        0x4 ./Core/Src/main.o
                0x000000002000052c                defaultTaskHandle
 .bss.listenerTaskHandle
                0x0000000020000530        0x4 ./Core/Src/main.o
                0x0000000020000530                listenerTaskHandle
 .bss.controllerTaskHandle
                0x0000000020000534        0x4 ./Core/Src/main.o
                0x0000000020000534                controllerTaskHandle
 .bss.presenterTaskHandle
                0x0000000020000538        0x4 ./Core/Src/main.o
                0x0000000020000538                presenterTaskHandle
 .bss.uart1RxData
                0x000000002000053c        0x1 ./Core/Src/main.o
                0x000000002000053c                uart1RxData
 .bss.uart2RxData
                0x000000002000053d        0x1 ./Core/Src/main.o
                0x000000002000053d                uart2RxData
 *fill*         0x000000002000053e        0x2 
 .bss.htim11    0x0000000020000540       0x48 ./Core/Src/stm32f4xx_hal_timebase_tim.o
                0x0000000020000540                htim11
 .bss.__sbrk_heap_end
                0x0000000020000588        0x4 ./Core/Src/sysmem.o
 .bss.ManualButton
                0x000000002000058c        0xc ./Core/ap/listenerTask/Listener.o
                0x000000002000058c                ManualButton
 .bss.AutoButton
                0x0000000020000598        0xc ./Core/ap/listenerTask/Listener.o
                0x0000000020000598                AutoButton
 .bss.ultraSonic_Front
                0x00000000200005a4       0x18 ./Core/ap/listenerTask/Listener.o
                0x00000000200005a4                ultraSonic_Front
 .bss.ultraSonic_Left
                0x00000000200005bc       0x18 ./Core/ap/listenerTask/Listener.o
                0x00000000200005bc                ultraSonic_Left
 .bss.ultraSonic_Right
                0x00000000200005d4       0x18 ./Core/ap/listenerTask/Listener.o
                0x00000000200005d4                ultraSonic_Right
 .bss.UltraSonicCount.3
                0x00000000200005ec        0x4 ./Core/ap/listenerTask/Listener.o
 .bss.distance_Front.2
                0x00000000200005f0        0x4 ./Core/ap/listenerTask/Listener.o
 .bss.distance_Left.1
                0x00000000200005f4        0x4 ./Core/ap/listenerTask/Listener.o
 .bss.distance_Right.0
                0x00000000200005f8        0x4 ./Core/ap/listenerTask/Listener.o
 .bss.BTQue     0x00000000200005fc       0x74 ./Core/ap/model/BT_dataQue.o
                0x00000000200005fc                BTQue
 .bss.Mode      0x0000000020000670        0x2 ./Core/ap/model/ModeStateModel.o
                0x0000000020000670                Mode
 *fill*         0x0000000020000672        0x2 
 .bss.MotorStateQue
                0x0000000020000674       0x78 ./Core/ap/model/MotorStateQue.o
                0x0000000020000674                MotorStateQue
 .bss.USDistance
                0x00000000200006ec        0xc ./Core/ap/model/USDistanceModel.o
                0x00000000200006ec                USDistance
 .bss.leftMotor
                0x00000000200006f8       0x18 ./Core/ap/presenterTask/Presenter.o
                0x00000000200006f8                leftMotor
 .bss.rightMotor
                0x0000000020000710       0x18 ./Core/ap/presenterTask/Presenter.o
                0x0000000020000710                rightMotor
 .bss.OldModeFlag.0
                0x0000000020000728        0x4 ./Core/ap/presenterTask/Presenter.o
 .bss.hLCDI2C   0x000000002000072c        0x4 ./Core/driver/LCD/LCD.o
                0x000000002000072c                hLCDI2C
 .bss.lcdData   0x0000000020000730        0x1 ./Core/driver/LCD/LCD.o
                0x0000000020000730                lcdData
 *fill*         0x0000000020000731        0x3 
 .bss.uwTick    0x0000000020000734        0x4 ./Drivers/STM32F4xx_HAL_Driver/Src/stm32f4xx_hal.o
                0x0000000020000734                uwTick
 .bss.pxCurrentTCB
                0x0000000020000738        0x4 ./Middlewares/Third_Party/FreeRTOS/Source/tasks.o
                0x0000000020000738                pxCurrentTCB
 .bss.pxReadyTasksLists
                0x000000002000073c       0x8c ./Middlewares/Third_Party/FreeRTOS/Source/tasks.o
 .bss.xDelayedTaskList1
                0x00000000200007c8       0x14 ./Middlewares/Third_Party/FreeRTOS/Source/tasks.o
 .bss.xDelayedTaskList2
                0x00000000200007dc       0x14 ./Middlewares/Third_Party/FreeRTOS/Source/tasks.o
 .bss.pxDelayedTaskList
                0x00000000200007f0        0x4 ./Middlewares/Third_Party/FreeRTOS/Source/tasks.o
 .bss.pxOverflowDelayedTaskList
                0x00000000200007f4        0x4 ./Middlewares/Third_Party/FreeRTOS/Source/tasks.o
 .bss.xPendingReadyList
                0x00000000200007f8       0x14 ./Middlewares/Third_Party/FreeRTOS/Source/tasks.o
 .bss.xTasksWaitingTermination
                0x000000002000080c       0x14 ./Middlewares/Third_Party/FreeRTOS/Source/tasks.o
 .bss.uxDeletedTasksWaitingCleanUp
                0x0000000020000820        0x4 ./Middlewares/Third_Party/FreeRTOS/Source/tasks.o
 .bss.xSuspendedTaskList
                0x0000000020000824       0x14 ./Middlewares/Third_Party/FreeRTOS/Source/tasks.o
 .bss.uxCurrentNumberOfTasks
                0x0000000020000838        0x4 ./Middlewares/Third_Party/FreeRTOS/Source/tasks.o