../Core/Src/main.c:86:6:HAL_UART_RxCpltCallback	16	static
../Core/Src/main.c:99:6:HAL_GPIO_EXTI_Callback	16	static
../Core/Src/main.c:102:5:_write	24	static
../Core/Src/main.c:113:5:main	128	static
../Core/Src/main.c:205:6:SystemClock_Config	88	static
../Core/Src/main.c:251:13:MX_I2C1_Init	8	static
../Core/Src/main.c:285:13:MX_TIM1_Init	32	static
../Core/Src/main.c:331:13:MX_TIM2_Init	32	static
../Core/Src/main.c:376:13:MX_TIM3_Init	64	static
../Core/Src/main.c:439:13:MX_TIM4_Init	32	static
../Core/Src/main.c:484:13:MX_USART1_UART_Init	8	static
../Core/Src/main.c:517:13:MX_USART2_UART_Init	8	static
../Core/Src/main.c:550:13:MX_GPIO_Init	48	static
../Core/Src/main.c:629:6:StartDefaultTask	16	static
../Core/Src/main.c:647:6:ListenerTask	16	static
../Core/Src/main.c:667:6:ControllerTask	16	static
../Core/Src/main.c:686:6:PresenterTask	16	static
../Core/Src/main.c:706:6:HAL_TIM_PeriodElapsedCallback	16	static
../Core/Src/main.c:723:6:Error_Handler	4	static,ignoring_inline_asm
