../Core/ap/controllerTask/Controller.c:14:6:Controller_init	8	static
../Core/ap/controllerTask/Controller.c:19:6:Controller_excuteTask	8	static
../Core/ap/controllerTask/Controller.c:28:6:Controller_BTData	24	static
../Core/ap/controllerTask/Controller.c:40:6:Controller_getData	24	static
../Core/ap/controllerTask/Controller.c:49:6:Controller_Mode_decision	16	static
../Core/ap/controllerTask/Controller.c:60:6:Controller_Mode_parsingData	16	static
../Core/ap/controllerTask/Controller.c:71:6:Controller_Manual_parsingData	24	static
../Core/ap/controllerTask/Controller.c:95:6:Controller_Auto_parsingData	16	static
../Core/ap/controllerTask/Controller.c:106:6:Controller_Auto_DistanceState	24	static
