../Core/driver/LCD/LCD.c:13:6:LCD_delay	16	static
../Core/driver/LCD/LCD.c:17:6:LCD_init	16	static
../Core/driver/LCD/LCD.c:36:6:LCD_backLightOn	8	static
../Core/driver/LCD/LCD.c:41:6:LCD_cmdMode	4	static
../Core/driver/LCD/LCD.c:44:6:LCD_charMode	4	static
../Core/driver/LCD/LCD.c:47:6:LCD_writeMode	4	static
../Core/driver/LCD/LCD.c:51:6:LCD_E_High	4	static
../Core/driver/LCD/LCD.c:54:6:LCD_E_Low	4	static
../Core/driver/LCD/LCD.c:58:6:LCD_sendData	24	static
../Core/driver/LCD/LCD.c:62:6:LCD_sendByte	16	static
../Core/driver/LCD/LCD.c:67:6:LCD_sendHighNibble	16	static
../Core/driver/LCD/LCD.c:77:6:LCD_sendLowNibble	16	static
../Core/driver/LCD/LCD.c:87:6:LCD_writeCmdData	16	static
../Core/driver/LCD/LCD.c:93:6:LCD_writeCharData	16	static
../Core/driver/LCD/LCD.c:99:6:LCD_gotoXY	24	static
../Core/driver/LCD/LCD.c:108:6:LCD_writeString	24	static
../Core/driver/LCD/LCD.c:114:6:LCD_writeStringXY	16	static
